Archive member included to satisfy reference by file (symbol)

app/libapp.a(main.c.obj)      (--whole-archive)
zephyr/libzephyr.a(cbprintf.c.obj)
                              (--whole-archive)
zephyr/libzephyr.a(crc32_sw.c.obj)
                              (--whole-archive)
zephyr/libzephyr.a(crc16_sw.c.obj)
                              (--whole-archive)
zephyr/libzephyr.a(crc8_sw.c.obj)
                              (--whole-archive)
zephyr/libzephyr.a(crc7_sw.c.obj)
                              (--whole-archive)
zephyr/libzephyr.a(dec.c.obj)
                              (--whole-archive)
zephyr/libzephyr.a(fdtable.c.obj)
                              (--whole-archive)
zephyr/libzephyr.a(hex.c.obj)
                              (--whole-archive)
zephyr/libzephyr.a(notify.c.obj)
                              (--whole-archive)
zephyr/libzephyr.a(printk.c.obj)
                              (--whole-archive)
zephyr/libzephyr.a(onoff.c.obj)
                              (--whole-archive)
zephyr/libzephyr.a(rb.c.obj)  (--whole-archive)
zephyr/libzephyr.a(sem.c.obj)
                              (--whole-archive)
zephyr/libzephyr.a(thread_entry.c.obj)
                              (--whole-archive)
zephyr/libzephyr.a(timeutil.c.obj)
                              (--whole-archive)
zephyr/libzephyr.a(work_q.c.obj)
                              (--whole-archive)
zephyr/libzephyr.a(heap.c.obj)
                              (--whole-archive)
zephyr/libzephyr.a(heap-validate.c.obj)
                              (--whole-archive)
zephyr/libzephyr.a(cbprintf_complete.c.obj)
                              (--whole-archive)
zephyr/libzephyr.a(configs.c.obj)
                              (--whole-archive)
zephyr/libzephyr.a(validate_base_addresses.c.obj)
                              (--whole-archive)
zephyr/libzephyr.a(validate_enabled_instances.c.obj)
                              (--whole-archive)
zephyr/libzephyr.a(power.c.obj)
                              (--whole-archive)
zephyr/libzephyr.a(policy_residency.c.obj)
                              (--whole-archive)
zephyr/libzephyr.a(uart_console.c.obj)
                              (--whole-archive)
zephyr/libzephyr.a(clock_control_nrf.c.obj)
                              (--whole-archive)
zephyr/libzephyr.a(sys_clock_init.c.obj)
                              (--whole-archive)
zephyr/libzephyr.a(nrf_rtc_timer.c.obj)
                              (--whole-archive)
zephyr/libzephyr.a(lis2mdl_reg.c.obj)
                              (--whole-archive)
zephyr/libzephyr.a(SEGGER_RTT.c.obj)
                              (--whole-archive)
zephyr/libzephyr.a(SEGGER_RTT_zephyr.c.obj)
                              (--whole-archive)
zephyr/arch/common/libarch__common.a(sw_isr_common.c.obj)
                              (--whole-archive)
zephyr/arch/arch/arm/core/aarch32/libarch__arm__core__aarch32.a(swap.c.obj)
                              (--whole-archive)
zephyr/arch/arch/arm/core/aarch32/libarch__arm__core__aarch32.a(swap_helper.S.obj)
                              (--whole-archive)
zephyr/arch/arch/arm/core/aarch32/libarch__arm__core__aarch32.a(irq_manage.c.obj)
                              (--whole-archive)
zephyr/arch/arch/arm/core/aarch32/libarch__arm__core__aarch32.a(thread.c.obj)
                              (--whole-archive)
zephyr/arch/arch/arm/core/aarch32/libarch__arm__core__aarch32.a(cpu_idle.S.obj)
                              (--whole-archive)
zephyr/arch/arch/arm/core/aarch32/libarch__arm__core__aarch32.a(fatal.c.obj)
                              (--whole-archive)
zephyr/arch/arch/arm/core/aarch32/libarch__arm__core__aarch32.a(nmi.c.obj)
                              (--whole-archive)
zephyr/arch/arch/arm/core/aarch32/libarch__arm__core__aarch32.a(nmi_on_reset.S.obj)
                              (--whole-archive)
zephyr/arch/arch/arm/core/aarch32/libarch__arm__core__aarch32.a(prep_c.c.obj)
                              (--whole-archive)
zephyr/arch/arch/arm/core/aarch32/libarch__arm__core__aarch32.a(isr_wrapper.S.obj)
                              (--whole-archive)
zephyr/arch/arch/arm/core/aarch32/cortex_m/libarch__arm__core__aarch32__cortex_m.a(vector_table.S.obj)
                              (--whole-archive)
zephyr/arch/arch/arm/core/aarch32/cortex_m/libarch__arm__core__aarch32__cortex_m.a(reset.S.obj)
                              (--whole-archive)
zephyr/arch/arch/arm/core/aarch32/cortex_m/libarch__arm__core__aarch32__cortex_m.a(fault_s.S.obj)
                              (--whole-archive)
zephyr/arch/arch/arm/core/aarch32/cortex_m/libarch__arm__core__aarch32__cortex_m.a(fault.c.obj)
                              (--whole-archive)
zephyr/arch/arch/arm/core/aarch32/cortex_m/libarch__arm__core__aarch32__cortex_m.a(exc_exit.S.obj)
                              (--whole-archive)
zephyr/arch/arch/arm/core/aarch32/cortex_m/libarch__arm__core__aarch32__cortex_m.a(scb.c.obj)
                              (--whole-archive)
[...]
Memory Configuration

Name             Origin             Length             Attributes
FLASH            0x0000000000000000 0x0000000000080000 xr
SRAM             0x0000000020000000 0x0000000000010000 xw
IDT_LIST         0x0000000020010000 0x0000000000000800 xw
*default*        0x0000000000000000 0xffffffffffffffff

Linker script and memory map

LOAD zephyr/CMakeFiles/zephyr_prebuilt.dir/misc/empty_file.c.obj
                0x0000000000000020                _region_min_align = 0x20

.rel.plt        0x0000000000000000        0x0
 *(SORT_BY_ALIGNMENT(.rel.plt))
                [!provide]                        PROVIDE (__rel_iplt_start = .)
 *(SORT_BY_ALIGNMENT(.rel.iplt))
 .rel.iplt      0x0000000000000000        0x0 app/libapp.a(main.c.obj)
                [!provide]                        PROVIDE (__rel_iplt_end = .)

.rela.plt       0x0000000000000000        0x0
 *(SORT_BY_ALIGNMENT(.rela.plt))
                [!provide]                        PROVIDE (__rela_iplt_start = .)
 *(SORT_BY_ALIGNMENT(.rela.iplt))
                [!provide]                        PROVIDE (__rela_iplt_end = .)

.rel.dyn
 *(SORT_BY_ALIGNMENT(.rel.*))

.rela.dyn
 *(SORT_BY_ALIGNMENT(.rela.*))

/DISCARD/
 *(SORT_BY_ALIGNMENT(.plt))
 *(SORT_BY_ALIGNMENT(.iplt))
 *(SORT_BY_ALIGNMENT(.got.plt))
 *(SORT_BY_ALIGNMENT(.igot.plt))
 *(SORT_BY_ALIGNMENT(.got))
 *(SORT_BY_ALIGNMENT(.igot))
 *(SORT_BY_ALIGNMENT(.note.GNU-stack))
                0x0000000000000000                _image_rom_start = 0x0

rom_start       0x0000000000000000       0xdc
                0x0000000000000000                . = 0x0
                0x0000000000000000                . = ALIGN (0x4)
                0x0000000000000000                . = ALIGN (0x80)
                0x0000000000000000                . = ALIGN (0x100)
                0x0000000000000000                _vector_start = .
 *(SORT_BY_ALIGNMENT(.exc_vector_table))
 *(SORT_BY_ALIGNMENT(.exc_vector_table.*))
 .exc_vector_table._vector_table_section
                0x0000000000000000       0x40 zephyr/arch/arch/arm/core/aarch32/cortex_m/libarch__arm__core__aarch32__cortex_m.a(vector_table.S.obj)
                0x0000000000000000                _vector_table
 *(SORT_BY_ALIGNMENT(.gnu.linkonce.irq_vector_table*))
 .gnu.linkonce.irq_vector_table*
                0x0000000000000040       0x9c zephyr/arch/common/libisr_tables.a(isr_tables.c.obj)
                0x0000000000000040                _irq_vector_table
 *(SORT_BY_ALIGNMENT(.vectors))
                0x00000000000000dc                _vector_end = .
 *(SORT_BY_ALIGNMENT(.openocd_dbg))
 *(SORT_BY_ALIGNMENT(.openocd_dbg.*))

text            0x00000000000000e0     0x7318
                0x00000000000000e0                _image_text_start = .
 *(SORT_BY_ALIGNMENT(.text))
 .text          0x00000000000000e0      0x378 /home/danilo/zephyr-sdk-0.11.1/arm-zephyr-eabi/bin/../lib/gcc/arm-zephyr-eabi/9.2.0/thumb/v7e-m/nofp/libgcc.a(_arm_addsubdf3.o)
                0x00000000000000e0                __aeabi_drsub
                0x00000000000000e8                __aeabi_dsub
                0x00000000000000e8                __subdf3
                0x00000000000000ec                __adddf3
                0x00000000000000ec                __aeabi_dadd
                0x0000000000000364                __aeabi_ui2d
                0x0000000000000364                __floatunsidf
                0x0000000000000384                __floatsidf
                0x0000000000000384                __aeabi_i2d
                0x00000000000003a8                __extendsfdf2
                0x00000000000003a8                __aeabi_f2d
                0x00000000000003ec                __aeabi_ul2d
                0x00000000000003ec                __floatundidf
                0x00000000000003fc                __floatdidf
                0x00000000000003fc                __aeabi_l2d
 .text          0x0000000000000458      0x424 /home/danilo/zephyr-sdk-0.11.1/arm-zephyr-eabi/bin/../lib/gcc/arm-zephyr-eabi/9.2.0/thumb/v7e-m/nofp/libgcc.a(_arm_muldivdf3.o)
                0x0000000000000458                __aeabi_dmul
                0x0000000000000458                __muldf3
                0x00000000000006ac                __aeabi_ddiv
                0x00000000000006ac                __divdf3
 .text          0x000000000000087c       0x50 /home/danilo/zephyr-sdk-0.11.1/arm-zephyr-eabi/bin/../lib/gcc/arm-zephyr-eabi/9.2.0/thumb/v7e-m/nofp/libgcc.a(_arm_fixdfsi.o)
                0x000000000000087c                __fixdfsi
                0x000000000000087c                __aeabi_d2iz
 .text          0x00000000000008cc       0xa0 /home/danilo/zephyr-sdk-0.11.1/arm-zephyr-eabi/bin/../lib/gcc/arm-zephyr-eabi/9.2.0/thumb/v7e-m/nofp/libgcc.a(_arm_truncdfsf2.o)
                0x00000000000008cc                __aeabi_d2f
                0x00000000000008cc                __truncdfsf2
 .text          0x000000000000096c      0x21c /home/danilo/zephyr-sdk-0.11.1/arm-zephyr-eabi/bin/../lib/gcc/arm-zephyr-eabi/9.2.0/thumb/v7e-m/nofp/libgcc.a(_arm_addsubsf3.o)
                0x000000000000096c                __aeabi_frsub
                0x0000000000000974                __subsf3
                0x0000000000000974                __aeabi_fsub
                0x0000000000000978                __aeabi_fadd
                0x0000000000000978                __addsf3
                0x0000000000000ad8                __aeabi_ui2f
                0x0000000000000ad8                __floatunsisf
                0x0000000000000ae0                __aeabi_i2f
                0x0000000000000ae0                __floatsisf
                0x0000000000000afc                __floatundisf
                0x0000000000000afc                __aeabi_ul2f
                0x0000000000000b0c                __floatdisf
                0x0000000000000b0c                __aeabi_l2f
 .text          0x0000000000000b88      0x2a0 /home/danilo/zephyr-sdk-0.11.1/arm-zephyr-eabi/bin/../lib/gcc/arm-zephyr-eabi/9.2.0/thumb/v7e-m/nofp/libgcc.a(_arm_muldivsf3.o)
                0x0000000000000b88                __mulsf3
                0x0000000000000b88                __aeabi_fmul
                0x0000000000000cf0                __divsf3
                0x0000000000000cf0                __aeabi_fdiv
 .text          0x0000000000000e28       0xec /home/danilo/zephyr-sdk-0.11.1/arm-zephyr-eabi/bin/../lib/gcc/arm-zephyr-eabi/9.2.0/thumb/v7e-m/nofp/libgcc.a(_arm_cmpsf2.o)
                0x0000000000000e28                __gtsf2
                0x0000000000000e28                __gesf2
                0x0000000000000e30                __lesf2
                0x0000000000000e30                __ltsf2
                0x0000000000000e38                __nesf2
                0x0000000000000e38                __eqsf2
                0x0000000000000e38                __cmpsf2
                0x0000000000000e98                __aeabi_cfrcmple
                0x0000000000000ea0                __aeabi_cfcmple
                0x0000000000000ea0                __aeabi_cfcmpeq
                0x0000000000000eb0                __aeabi_fcmpeq
                0x0000000000000ec4                __aeabi_fcmplt
                0x0000000000000ed8                __aeabi_fcmple
                0x0000000000000eec                __aeabi_fcmpge
                0x0000000000000f00                __aeabi_fcmpgt
 .text          0x0000000000000f14       0xa0 /home/danilo/zephyr-sdk-0.11.1/arm-zephyr-eabi/bin/../lib/gcc/arm-zephyr-eabi/9.2.0/thumb/v7e-m/nofp/libgcc.a(_aeabi_ldivmod.o)
                0x0000000000000f14                __aeabi_ldivmod
 .text          0x0000000000000fb4       0x30 /home/danilo/zephyr-sdk-0.11.1/arm-zephyr-eabi/bin/../lib/gcc/arm-zephyr-eabi/9.2.0/thumb/v7e-m/nofp/libgcc.a(_aeabi_uldivmod.o)
                0x0000000000000fb4                __aeabi_uldivmod
 .text          0x0000000000000fe4      0x2c4 /home/danilo/zephyr-sdk-0.11.1/arm-zephyr-eabi/bin/../lib/gcc/arm-zephyr-eabi/9.2.0/thumb/v7e-m/nofp/libgcc.a(_udivmoddi4.o)
                0x0000000000000fe4                __udivmoddi4
 .text          0x00000000000012a8        0x4 /home/danilo/zephyr-sdk-0.11.1/arm-zephyr-eabi/bin/../lib/gcc/arm-zephyr-eabi/9.2.0/thumb/v7e-m/nofp/libgcc.a(_dvmd_tls.o)
                0x00000000000012a8                __aeabi_ldiv0
                0x00000000000012a8                __aeabi_idiv0
 *(SORT_BY_ALIGNMENT(.text.*))
 *fill*         0x00000000000012ac        0x4 
 .text.sensor_value_to_double
                0x00000000000012b0       0x38 app/libapp.a(main.c.obj)
 .text.lis2dh_attr_set
                0x00000000000012e8      0x104 zephyr/drivers/sensor/lis2dh/libdrivers__sensor__lis2dh.a(lis2dh.c.obj)
 *fill*         0x00000000000013ec        0x4 
 .text.lsm6dsl_accel_convert
                0x00000000000013f0       0x6c zephyr/drivers/sensor/lsm6dsl/libdrivers__sensor__lsm6dsl.a(lsm6dsl.c.obj)
 *fill*         0x000000000000145c        0x4 
 .text.lsm6dsl_gyro_convert.constprop.0
                0x0000000000001460       0x68 zephyr/drivers/sensor/lsm6dsl/libdrivers__sensor__lsm6dsl.a(lsm6dsl.c.obj)
 .text.lsm6dsl_attr_set
                0x00000000000014c8      0x1b8 zephyr/drivers/sensor/lsm6dsl/libdrivers__sensor__lsm6dsl.a(lsm6dsl.c.obj)
 .text.lsm6dsl_trigger_handler
                0x0000000000001680       0x18 app/libapp.a(main.c.obj)
 .text.main     0x0000000000001698      0x3c8 app/libapp.a(main.c.obj)
                0x0000000000001698                main
 .text.char_out
                0x0000000000001a60       0x10 zephyr/libzephyr.a(printk.c.obj)
 .text.__printk_hook_install
                0x0000000000001a70        0xc zephyr/libzephyr.a(printk.c.obj)
                0x0000000000001a70                __printk_hook_install
 .text.vprintk  0x0000000000001a7c       0x1c zephyr/libzephyr.a(printk.c.obj)
                0x0000000000001a7c                vprintk
 .text.process_event
                0x0000000000001a98      0x1cc zephyr/libzephyr.a(onoff.c.obj)
 .text.cbvprintf
                0x0000000000001c64      0xd64 zephyr/libzephyr.a(cbprintf_complete.c.obj)
                0x0000000000001c64                cbvprintf
 .text.uart_console_init
                0x00000000000029c8       0x2c zephyr/libzephyr.a(uart_console.c.obj)
 .text.console_out
                0x00000000000029f4       0x28 zephyr/libzephyr.a(uart_console.c.obj)
 .text.onoff_stop
                0x0000000000002a1c       0x48 zephyr/libzephyr.a(clock_control_nrf.c.obj)
 .text.onoff_start
                0x0000000000002a64       0x58 zephyr/libzephyr.a(clock_control_nrf.c.obj)
 .text.clk_init
                0x0000000000002abc       0x60 zephyr/libzephyr.a(clock_control_nrf.c.obj)
 .text.clkstarted_handle.constprop.0
                0x0000000000002b1c       0x34 zephyr/libzephyr.a(clock_control_nrf.c.obj)
 .text.clock_event_handler
                0x0000000000002b50       0x1c zephyr/libzephyr.a(clock_control_nrf.c.obj)
 .text.generic_hfclk_start
                0x0000000000002b6c       0x64 zephyr/libzephyr.a(clock_control_nrf.c.obj)
 .text.lfclk_start
                0x0000000000002bd0       0x24 zephyr/libzephyr.a(clock_control_nrf.c.obj)
 .text.generic_hfclk_stop
                0x0000000000002bf4       0x2c zephyr/libzephyr.a(clock_control_nrf.c.obj)
 .text.api_blocking_start
                0x0000000000002c20       0x34 zephyr/libzephyr.a(clock_control_nrf.c.obj)
 .text.z_nrf_clock_control_lf_on
                0x0000000000002c54      0x10c zephyr/libzephyr.a(clock_control_nrf.c.obj)
                0x0000000000002c54                z_nrf_clock_control_lf_on
 .text.sys_clock_timeout_handler
                0x0000000000002d60       0x18 zephyr/libzephyr.a(nrf_rtc_timer.c.obj)
 .text.set_absolute_alarm
                0x0000000000002d78       0x98 zephyr/libzephyr.a(nrf_rtc_timer.c.obj)
 .text.rtc_nrf_isr
                0x0000000000002e10       0x50 zephyr/libzephyr.a(nrf_rtc_timer.c.obj)
                0x0000000000002e10                rtc_nrf_isr
 .text.z_clock_driver_init
                0x0000000000002e60       0x54 zephyr/libzephyr.a(nrf_rtc_timer.c.obj)
                0x0000000000002e60                z_clock_driver_init
 .text.z_clock_set_timeout
                0x0000000000002eb4       0x64 zephyr/libzephyr.a(nrf_rtc_timer.c.obj)
                0x0000000000002eb4                z_clock_set_timeout
 .text.z_clock_elapsed
                0x0000000000002f18       0x34 zephyr/libzephyr.a(nrf_rtc_timer.c.obj)
                0x0000000000002f18                z_clock_elapsed
 .text._DoInit  0x0000000000002f4c       0x60 zephyr/libzephyr.a(SEGGER_RTT.c.obj)
 .text.arch_swap
                0x0000000000002fac       0x34 zephyr/arch/arch/arm/core/aarch32/libarch__arm__core__aarch32.a(swap.c.obj)
                0x0000000000002fac                arch_swap
 .text.z_arm_pendsv
                0x0000000000002fe0       0x54 zephyr/arch/arch/arm/core/aarch32/libarch__arm__core__aarch32.a(swap_helper.S.obj)
                0x0000000000002fe0                z_arm_pendsv
 .text.z_arm_svc
                0x0000000000003034       0x20 zephyr/arch/arch/arm/core/aarch32/libarch__arm__core__aarch32.a(swap_helper.S.obj)
                0x0000000000003034                z_arm_svc
 .text.arch_irq_enable
                0x0000000000003054       0x20 zephyr/arch/arch/arm/core/aarch32/libarch__arm__core__aarch32.a(irq_manage.c.obj)
                0x0000000000003054                arch_irq_enable
 .text.arch_irq_is_enabled
                0x0000000000003074       0x1c zephyr/arch/arch/arm/core/aarch32/libarch__arm__core__aarch32.a(irq_manage.c.obj)
                0x0000000000003074                arch_irq_is_enabled
 .text.z_arm_irq_priority_set
                0x0000000000003090       0x30 zephyr/arch/arch/arm/core/aarch32/libarch__arm__core__aarch32.a(irq_manage.c.obj)
                0x0000000000003090                z_arm_irq_priority_set
 .text.arch_new_thread
                0x00000000000030c0       0x38 zephyr/arch/arch/arm/core/aarch32/libarch__arm__core__aarch32.a(thread.c.obj)
                0x00000000000030c0                arch_new_thread
 .text.z_check_thread_stack_fail
                0x00000000000030f8       0x34 zephyr/arch/arch/arm/core/aarch32/libarch__arm__core__aarch32.a(thread.c.obj)
                0x00000000000030f8                z_check_thread_stack_fail
 .text.arch_switch_to_main_thread
                0x000000000000312c       0x34 zephyr/arch/arch/arm/core/aarch32/libarch__arm__core__aarch32.a(thread.c.obj)
                0x000000000000312c                arch_switch_to_main_thread
 .text.z_arm_cpu_idle_init
                0x0000000000003160        0xc zephyr/arch/arch/arm/core/aarch32/libarch__arm__core__aarch32.a(cpu_idle.S.obj)
                0x0000000000003160                z_arm_cpu_idle_init
 .text.arch_cpu_idle
                0x000000000000316c       0x1c zephyr/arch/arch/arm/core/aarch32/libarch__arm__core__aarch32.a(cpu_idle.S.obj)
                0x000000000000316c                arch_cpu_idle
 .text.arch_cpu_atomic_idle
                0x0000000000003188       0x14 zephyr/arch/arch/arm/core/aarch32/libarch__arm__core__aarch32.a(cpu_idle.S.obj)
                0x0000000000003188                arch_cpu_atomic_idle
 .text.z_SysNmiOnReset
                0x000000000000319c        0x8 zephyr/arch/arch/arm/core/aarch32/libarch__arm__core__aarch32.a(nmi_on_reset.S.obj)
                0x000000000000319c                z_SysNmiOnReset
 .text.z_arm_prep_c
                0x00000000000031a4       0x44 zephyr/arch/arch/arm/core/aarch32/libarch__arm__core__aarch32.a(prep_c.c.obj)
                0x00000000000031a4                z_arm_prep_c
 .text._isr_wrapper
                0x00000000000031e8       0x40 zephyr/arch/arch/arm/core/aarch32/libarch__arm__core__aarch32.a(isr_wrapper.S.obj)
                0x00000000000031e8                _isr_wrapper
 .text._reset_section
                0x0000000000003228       0x30 zephyr/arch/arch/arm/core/aarch32/cortex_m/libarch__arm__core__aarch32__cortex_m.a(reset.S.obj)
                0x0000000000003228                z_arm_reset
                0x0000000000003228                __start
 .text.__fault  0x0000000000003258       0x14 zephyr/arch/arch/arm/core/aarch32/cortex_m/libarch__arm__core__aarch32__cortex_m.a(fault_s.S.obj)
                0x0000000000003258                z_arm_bus_fault
                0x0000000000003258                z_arm_usage_fault
                0x0000000000003258                z_arm_mpu_fault
                0x0000000000003258                z_arm_exc_spurious
                0x0000000000003258                z_arm_debug_monitor
                0x0000000000003258                z_arm_hard_fault
 .text.mem_manage_fault
                0x000000000000326c       0x6c zephyr/arch/arch/arm/core/aarch32/cortex_m/libarch__arm__core__aarch32__cortex_m.a(fault.c.obj)
 .text.bus_fault.isra.0
                0x00000000000032d8       0x3c zephyr/arch/arch/arm/core/aarch32/cortex_m/libarch__arm__core__aarch32__cortex_m.a(fault.c.obj)
 .text.usage_fault.isra.0
                0x0000000000003314       0x24 zephyr/arch/arch/arm/core/aarch32/cortex_m/libarch__arm__core__aarch32__cortex_m.a(fault.c.obj)
 .text.z_arm_fault
                0x0000000000003338       0xec zephyr/arch/arch/arm/core/aarch32/cortex_m/libarch__arm__core__aarch32__cortex_m.a(fault.c.obj)
                0x0000000000003338                z_arm_fault
 .text.z_arm_fault_init
                0x0000000000003424       0x10 zephyr/arch/arch/arm/core/aarch32/cortex_m/libarch__arm__core__aarch32__cortex_m.a(fault.c.obj)
                0x0000000000003424                z_arm_fault_init
 .text._HandlerModeExit
                0x0000000000003434       0x1c zephyr/arch/arch/arm/core/aarch32/cortex_m/libarch__arm__core__aarch32__cortex_m.a(exc_exit.S.obj)
                0x0000000000003434                z_arm_exc_exit
                0x0000000000003434                z_arm_int_exit
 .text.z_arm_interrupt_init
                0x0000000000003450       0x18 zephyr/arch/arch/arm/core/aarch32/cortex_m/libarch__arm__core__aarch32__cortex_m.a(irq_init.c.obj)
                0x0000000000003450                z_arm_interrupt_init
 .text.z_impl_k_thread_abort
                0x0000000000003468       0x44 zephyr/arch/arch/arm/core/aarch32/cortex_m/libarch__arm__core__aarch32__cortex_m.a(thread_abort.c.obj)
                0x0000000000003468                z_impl_k_thread_abort
 .text.z_arm_configure_static_mpu_regions
                0x00000000000034ac       0x18 zephyr/arch/arch/arm/core/aarch32/cortex_m/mpu/libarch__arm__core__aarch32__cortex_m__mpu.a(arm_core_mpu.c.obj)
                0x00000000000034ac                z_arm_configure_static_mpu_regions
 .text.z_arm_configure_dynamic_mpu_regions
                0x00000000000034c4       0x20 zephyr/arch/arch/arm/core/aarch32/cortex_m/mpu/libarch__arm__core__aarch32__cortex_m__mpu.a(arm_core_mpu.c.obj)
                0x00000000000034c4                z_arm_configure_dynamic_mpu_regions
 .text.mpu_configure_regions
                0x00000000000034e4       0x80 zephyr/arch/arch/arm/core/aarch32/cortex_m/mpu/libarch__arm__core__aarch32__cortex_m__mpu.a(arm_mpu.c.obj)
 .text.arm_core_mpu_enable
                0x0000000000003564       0x14 zephyr/arch/arch/arm/core/aarch32/cortex_m/mpu/libarch__arm__core__aarch32__cortex_m__mpu.a(arm_mpu.c.obj)
                0x0000000000003564                arm_core_mpu_enable
 .text.arm_core_mpu_disable
                0x0000000000003578       0x10 zephyr/arch/arch/arm/core/aarch32/cortex_m/mpu/libarch__arm__core__aarch32__cortex_m__mpu.a(arm_mpu.c.obj)
                0x0000000000003578                arm_core_mpu_disable
 .text.arm_mpu_init
                0x0000000000003588       0x5c zephyr/arch/arch/arm/core/aarch32/cortex_m/mpu/libarch__arm__core__aarch32__cortex_m__mpu.a(arm_mpu.c.obj)
 .text.arm_core_mpu_configure_static_mpu_regions
                0x00000000000035e4       0x14 zephyr/arch/arch/arm/core/aarch32/cortex_m/mpu/libarch__arm__core__aarch32__cortex_m__mpu.a(arm_mpu.c.obj)
                0x00000000000035e4                arm_core_mpu_configure_static_mpu_regions
 .text.arm_core_mpu_configure_dynamic_mpu_regions
                0x00000000000035f8       0x2c zephyr/arch/arch/arm/core/aarch32/cortex_m/mpu/libarch__arm__core__aarch32__cortex_m__mpu.a(arm_mpu.c.obj)
                0x00000000000035f8                arm_core_mpu_configure_dynamic_mpu_regions
 .text.__stdout_hook_install
                0x0000000000003624        0xc zephyr/lib/libc/minimal/liblib__libc__minimal.a(stdout_console.c.obj)
                0x0000000000003624                __stdout_hook_install
 .text.z_impl_zephyr_fputc
                0x0000000000003630       0x18 zephyr/lib/libc/minimal/liblib__libc__minimal.a(stdout_console.c.obj)
                0x0000000000003630                z_impl_zephyr_fputc
 .text.printf   0x0000000000003648       0x24 zephyr/lib/libc/minimal/liblib__libc__minimal.a(fprintf.c.obj)
                0x0000000000003648                printf
 .text.nordicsemi_nrf52_init
                0x000000000000366c       0x30 zephyr/soc/arm/nordic_nrf/nrf52/libsoc__arm__nordic_nrf__nrf52.a(soc.c.obj)
 .text.arch_busy_wait
                0x000000000000369c       0x14 zephyr/soc/arm/nordic_nrf/nrf52/libsoc__arm__nordic_nrf__nrf52.a(soc.c.obj)
                0x000000000000369c                arch_busy_wait
 .text.gpio_nrfx_init
                0x00000000000036b0       0x30 zephyr/drivers/gpio/libdrivers__gpio.a(gpio_nrfx.c.obj)
 .text.gpio_nrfx_config
                0x00000000000036e0       0xb8 zephyr/drivers/gpio/libdrivers__gpio.a(gpio_nrfx.c.obj)
 .text.gpio_nrfx_pin_interrupt_configure
                0x0000000000003798      0x1d0 zephyr/drivers/gpio/libdrivers__gpio.a(gpio_nrfx.c.obj)
 .text.gpiote_event_handler
                0x0000000000003968      0x114 zephyr/drivers/gpio/libdrivers__gpio.a(gpio_nrfx.c.obj)
 .text.twi_0_init
                0x0000000000003a7c       0x34 zephyr/drivers/i2c/libdrivers__i2c.a(i2c_nrfx_twi.c.obj)
 .text.event_handler
                0x0000000000003ab0       0x34 zephyr/drivers/i2c/libdrivers__i2c.a(i2c_nrfx_twi.c.obj)
 .text.i2c_nrfx_twi_transfer
                0x0000000000003ae4       0xe8 zephyr/drivers/i2c/libdrivers__i2c.a(i2c_nrfx_twi.c.obj)
 .text.hts221_channel_get
                0x0000000000003bcc       0x90 zephyr/drivers/sensor/hts221/libdrivers__sensor__hts221.a(hts221.c.obj)
 .text.hts221_init
                0x0000000000003c5c      0x164 zephyr/drivers/sensor/hts221/libdrivers__sensor__hts221.a(hts221.c.obj)
                0x0000000000003c5c                hts221_init
 .text.lis2dh_channel_get
                0x0000000000003dc0       0x54 zephyr/drivers/sensor/lis2dh/libdrivers__sensor__lis2dh.a(lis2dh.c.obj)
 .text.lis2dh_init
                0x0000000000003e14       0xbc zephyr/drivers/sensor/lis2dh/libdrivers__sensor__lis2dh.a(lis2dh.c.obj)
                0x0000000000003e14                lis2dh_init
 .text.lis2dh_i2c_init
                0x0000000000003ed0       0x10 zephyr/drivers/sensor/lis2dh/libdrivers__sensor__lis2dh.a(lis2dh_i2c.c.obj)
                0x0000000000003ed0                lis2dh_i2c_init
 .text.lis2mdl_channel_get
                0x0000000000003ee0       0x74 zephyr/drivers/sensor/lis2mdl/libdrivers__sensor__lis2mdl.a(lis2mdl.c.obj)
 .text.lis2mdl_i2c_init
                0x0000000000003f54       0x20 zephyr/drivers/sensor/lis2mdl/libdrivers__sensor__lis2mdl.a(lis2mdl_i2c.c.obj)
                0x0000000000003f54                lis2mdl_i2c_init
 .text.lps22hb_channel_get
                0x0000000000003f74       0x54 zephyr/drivers/sensor/lps22hb/libdrivers__sensor__lps22hb.a(lps22hb.c.obj)
 .text.lsm6dsl_accel_set_odr_raw
                0x0000000000003fc8       0x38 zephyr/drivers/sensor/lsm6dsl/libdrivers__sensor__lsm6dsl.a(lsm6dsl.c.obj)
 .text.lsm6dsl_init
                0x0000000000004000       0xdc zephyr/drivers/sensor/lsm6dsl/libdrivers__sensor__lsm6dsl.a(lsm6dsl.c.obj)
 .text.lsm6dsl_i2c_init
                0x00000000000040dc       0x10 zephyr/drivers/sensor/lsm6dsl/libdrivers__sensor__lsm6dsl.a(lsm6dsl_i2c.c.obj)
                0x00000000000040dc                lsm6dsl_i2c_init
 .text.lsm6dsl_init_interrupt
                0x00000000000040ec      0x110 zephyr/drivers/sensor/lsm6dsl/libdrivers__sensor__lsm6dsl.a(lsm6dsl_trigger.c.obj)
                0x00000000000040ec                lsm6dsl_init_interrupt
 .text.uarte_nrfx_configure
                0x00000000000041fc      0x160 zephyr/drivers/serial/libdrivers__serial.a(uart_nrfx_uarte.c.obj)
 .text.uarte_nrfx_poll_out
                0x000000000000435c       0xb8 zephyr/drivers/serial/libdrivers__serial.a(uart_nrfx_uarte.c.obj)
 .text.uarte_0_init
                0x0000000000004414       0xf8 zephyr/drivers/serial/libdrivers__serial.a(uart_nrfx_uarte.c.obj)
 .text.nrf52_errata_12
                0x000000000000450c       0x1c modules/hal_nordic/libmodules__hal_nordic.a(system_nrf52.c.obj)
 .text.nrf52_errata_16
                0x0000000000004528       0x2c modules/hal_nordic/libmodules__hal_nordic.a(system_nrf52.c.obj)
 .text.nvmc_wait
                0x0000000000004554       0x10 modules/hal_nordic/libmodules__hal_nordic.a(system_nrf52.c.obj)
                0x0000000000004554                nvmc_wait
 .text.SystemInit
                0x0000000000004564      0x244 modules/hal_nordic/libmodules__hal_nordic.a(system_nrf52.c.obj)
                0x0000000000004564                SystemInit
 .text.nrfx_clock_init
                0x00000000000047a8       0x20 modules/hal_nordic/libmodules__hal_nordic.a(nrfx_clock.c.obj)
                0x00000000000047a8                nrfx_clock_init
 .text.nrfx_clock_start
                0x00000000000047c8       0x98 modules/hal_nordic/libmodules__hal_nordic.a(nrfx_clock.c.obj)
                0x00000000000047c8                nrfx_clock_start
 .text.nrfx_clock_stop
                0x0000000000004860       0x8c modules/hal_nordic/libmodules__hal_nordic.a(nrfx_clock.c.obj)
                0x0000000000004860                nrfx_clock_stop
 .text.nrfx_power_clock_irq_handler
                0x00000000000048ec       0x68 modules/hal_nordic/libmodules__hal_nordic.a(nrfx_clock.c.obj)
                0x00000000000048ec                nrfx_power_clock_irq_handler
 .text.nrfx_ppi_channel_alloc
                0x0000000000004954       0x68 modules/hal_nordic/libmodules__hal_nordic.a(nrfx_ppi.c.obj)
                0x0000000000004954                nrfx_ppi_channel_alloc
 .text.twi_rx_start_transfer
                0x00000000000049bc       0xe8 modules/hal_nordic/libmodules__hal_nordic.a(nrfx_twi.c.obj)
 .text.twi_tx_start_transfer
                0x0000000000004aa4       0xd8 modules/hal_nordic/libmodules__hal_nordic.a(nrfx_twi.c.obj)
 .text.nrfx_twi_init
                0x0000000000004b7c       0x90 modules/hal_nordic/libmodules__hal_nordic.a(nrfx_twi.c.obj)
                0x0000000000004b7c                nrfx_twi_init
 .text.nrfx_twi_enable
                0x0000000000004c0c       0x20 modules/hal_nordic/libmodules__hal_nordic.a(nrfx_twi.c.obj)
                0x0000000000004c0c                nrfx_twi_enable
 .text.nrfx_twi_disable
                0x0000000000004c2c       0x34 modules/hal_nordic/libmodules__hal_nordic.a(nrfx_twi.c.obj)
                0x0000000000004c2c                nrfx_twi_disable
 .text.nrfx_twi_xfer
                0x0000000000004c60       0xe0 modules/hal_nordic/libmodules__hal_nordic.a(nrfx_twi.c.obj)
                0x0000000000004c60                nrfx_twi_xfer
 .text.nrfx_twi_0_irq_handler
                0x0000000000004d40       0xb4 modules/hal_nordic/libmodules__hal_nordic.a(nrfx_twi.c.obj)
                0x0000000000004d40                nrfx_twi_0_irq_handler
 .text.z_sys_init_run_level
                0x0000000000004df4       0x50 zephyr/kernel/libkernel.a(device.c.obj)
                0x0000000000004df4                z_sys_init_run_level
 .text.z_device_ready
                0x0000000000004e44       0x2c zephyr/kernel/libkernel.a(device.c.obj)
                0x0000000000004e44                z_device_ready
 .text.z_impl_device_get_binding
                0x0000000000004e70       0x50 zephyr/kernel/libkernel.a(device.c.obj)
                0x0000000000004e70                z_impl_device_get_binding
 .text.idle     0x0000000000004ec0       0x60 zephyr/kernel/libkernel.a(idle.c.obj)
                0x0000000000004ec0                idle
 .text.z_bss_zero
                0x0000000000004f20       0x14 zephyr/kernel/libkernel.a(init.c.obj)
                0x0000000000004f20                z_bss_zero
 .text.bg_thread_main
                0x0000000000004f34       0x34 zephyr/kernel/libkernel.a(init.c.obj)
 .text.z_cstart
                0x0000000000004f68      0x104 zephyr/kernel/libkernel.a(init.c.obj)
                0x0000000000004f68                z_cstart
 .text.z_reset_time_slice
                0x000000000000506c       0x2c zephyr/kernel/libkernel.a(sched.c.obj)
                0x000000000000506c                z_reset_time_slice
 .text.k_sched_time_slice_set
                0x0000000000005098       0x58 zephyr/kernel/libkernel.a(sched.c.obj)
                0x0000000000005098                k_sched_time_slice_set
 .text.z_reschedule
                0x00000000000050f0       0x24 zephyr/kernel/libkernel.a(sched.c.obj)
                0x00000000000050f0                z_reschedule
 .text.k_sched_lock
                0x0000000000005114       0x28 zephyr/kernel/libkernel.a(sched.c.obj)
                0x0000000000005114                k_sched_lock
 .text.z_priq_dumb_remove
                0x000000000000513c       0x2c zephyr/kernel/libkernel.a(sched.c.obj)
                0x000000000000513c                z_priq_dumb_remove
 .text.update_cache
                0x0000000000005168       0x50 zephyr/kernel/libkernel.a(sched.c.obj)
 .text.k_sched_unlock
                0x00000000000051b8       0x38 zephyr/kernel/libkernel.a(sched.c.obj)
                0x00000000000051b8                k_sched_unlock
 .text.ready_thread
                0x00000000000051f0       0x70 zephyr/kernel/libkernel.a(sched.c.obj)
 .text.z_sched_start
                0x0000000000005260       0x3c zephyr/kernel/libkernel.a(sched.c.obj)
                0x0000000000005260                z_sched_start
 .text.move_thread_to_end_of_prio_q
                0x000000000000529c       0x74 zephyr/kernel/libkernel.a(sched.c.obj)
 .text.z_time_slice
                0x0000000000005310       0x84 zephyr/kernel/libkernel.a(sched.c.obj)
                0x0000000000005310                z_time_slice
 .text.z_impl_k_thread_suspend
                0x0000000000005394       0x68 zephyr/kernel/libkernel.a(sched.c.obj)
                0x0000000000005394                z_impl_k_thread_suspend
 .text.z_thread_single_abort
                0x00000000000053fc      0x104 zephyr/kernel/libkernel.a(sched.c.obj)
                0x00000000000053fc                z_thread_single_abort
 .text.unready_thread
                0x0000000000005500       0x34 zephyr/kernel/libkernel.a(sched.c.obj)
 .text.pend     0x0000000000005534       0x4c zephyr/kernel/libkernel.a(sched.c.obj)
 .text.z_pend_curr
                0x0000000000005580       0x28 zephyr/kernel/libkernel.a(sched.c.obj)
                0x0000000000005580                z_pend_curr
 .text.z_tick_sleep.part.0
                0x00000000000055a8       0x74 zephyr/kernel/libkernel.a(sched.c.obj)
 .text.z_sched_init
                0x000000000000561c       0x18 zephyr/kernel/libkernel.a(sched.c.obj)
                0x000000000000561c                z_sched_init
 .text.z_impl_k_yield
                0x0000000000005634       0x9c zephyr/kernel/libkernel.a(sched.c.obj)
                0x0000000000005634                z_impl_k_yield
 .text.z_impl_k_sleep
                0x00000000000056d0       0x44 zephyr/kernel/libkernel.a(sched.c.obj)
                0x00000000000056d0                z_impl_k_sleep
 .text.z_impl_k_current_get
                0x0000000000005714        0xc zephyr/kernel/libkernel.a(sched.c.obj)
                0x0000000000005714                z_impl_k_current_get
 .text.z_impl_k_sem_give
                0x0000000000005720       0x40 zephyr/kernel/libkernel.a(sem.c.obj)
                0x0000000000005720                z_impl_k_sem_give
 .text.z_impl_k_sem_take
                0x0000000000005760       0x54 zephyr/kernel/libkernel.a(sem.c.obj)
                0x0000000000005760                z_impl_k_sem_take
 .text.z_setup_new_thread
                0x00000000000057b4       0x64 zephyr/kernel/libkernel.a(thread.c.obj)
                0x00000000000057b4                z_setup_new_thread
 .text.z_impl_k_thread_create
                0x0000000000005818       0x58 zephyr/kernel/libkernel.a(thread.c.obj)
                0x0000000000005818                z_impl_k_thread_create
 .text.z_init_static_threads
                0x0000000000005870       0xbc zephyr/kernel/libkernel.a(thread.c.obj)
                0x0000000000005870                z_init_static_threads
 .text.z_self_abort
                0x000000000000592c       0x28 zephyr/kernel/libkernel.a(thread_abort.c.obj)
                0x000000000000592c                z_self_abort
 .text.boot_banner
                0x0000000000005954       0x18 zephyr/kernel/libkernel.a(banner.c.obj)
                0x0000000000005954                boot_banner
 .text.z_data_copy
                0x000000000000596c       0x34 zephyr/kernel/libkernel.a(xip.c.obj)
                0x000000000000596c                z_data_copy
 .text.elapsed  0x00000000000059a0       0x14 zephyr/kernel/libkernel.a(timeout.c.obj)
 .text.remove_timeout
                0x00000000000059b4       0x34 zephyr/kernel/libkernel.a(timeout.c.obj)
 .text.next_timeout
                0x00000000000059e8       0x58 zephyr/kernel/libkernel.a(timeout.c.obj)
 .text.z_add_timeout
                0x0000000000005a40      0x110 zephyr/kernel/libkernel.a(timeout.c.obj)
                0x0000000000005a40                z_add_timeout
 .text.z_clock_announce
                0x0000000000005b50       0xd8 zephyr/kernel/libkernel.a(timeout.c.obj)
                0x0000000000005b50                z_clock_announce
 .text.z_tick_get
                0x0000000000005c28       0x34 zephyr/kernel/libkernel.a(timeout.c.obj)
                0x0000000000005c28                z_tick_get
 .text.statics_init
                0x0000000000005c5c       0x24 zephyr/kernel/libkernel.a(kheap.c.obj)
 .text.sensor_sample_fetch
                0x0000000000005c80        0x8 app/libapp.a(main.c.obj)
 .text.sensor_channel_get
                0x0000000000005c88        0x6 app/libapp.a(main.c.obj)
 .text.sys_notify_validate
                0x0000000000005c8e       0x22 zephyr/libzephyr.a(notify.c.obj)
                0x0000000000005c8e                sys_notify_validate
 .text.sys_notify_finalize
                0x0000000000005cb0       0x1a zephyr/libzephyr.a(notify.c.obj)
                0x0000000000005cb0                sys_notify_finalize
 .text.arch_printk_char_out
                0x0000000000005cca        0x4 zephyr/libzephyr.a(printk.c.obj)
                0x0000000000005cca                arch_printk_char_out
 .text.printk   0x0000000000005cce       0x1a zephyr/libzephyr.a(printk.c.obj)
                0x0000000000005cce                printk
 .text.process_recheck
                0x0000000000005ce8       0x38 zephyr/libzephyr.a(onoff.c.obj)
 .text.notify_one
                0x0000000000005d20       0x2c zephyr/libzephyr.a(onoff.c.obj)
 .text.transition_complete
                0x0000000000005d4c       0x1c zephyr/libzephyr.a(onoff.c.obj)
 .text.validate_args
                0x0000000000005d68       0x1e zephyr/libzephyr.a(onoff.c.obj)
 .text.onoff_manager_init
                0x0000000000005d86       0x26 zephyr/libzephyr.a(onoff.c.obj)
                0x0000000000005d86                onoff_manager_init
 .text.onoff_request
                0x0000000000005dac       0x92 zephyr/libzephyr.a(onoff.c.obj)
                0x0000000000005dac                onoff_request
 .text.z_thread_entry
                0x0000000000005e3e       0x14 zephyr/libzephyr.a(thread_entry.c.obj)
                0x0000000000005e3e                z_thread_entry
 .text.chunk_field
                0x0000000000005e52       0x16 zephyr/libzephyr.a(heap.c.obj)
 .text.chunk_set
                0x0000000000005e68       0x16 zephyr/libzephyr.a(heap.c.obj)
 .text.chunk_size
                0x0000000000005e7e        0xc zephyr/libzephyr.a(heap.c.obj)
 .text.set_chunk_used
                0x0000000000005e8a       0x30 zephyr/libzephyr.a(heap.c.obj)
 .text.set_chunk_size
                0x0000000000005eba        0x8 zephyr/libzephyr.a(heap.c.obj)
 .text.bucket_idx
                0x0000000000005ec2       0x1a zephyr/libzephyr.a(heap.c.obj)
 .text.free_list_add
                0x0000000000005edc       0x8a zephyr/libzephyr.a(heap.c.obj)
 .text.sys_heap_init
                0x0000000000005f66       0xa4 zephyr/libzephyr.a(heap.c.obj)
                0x0000000000005f66                sys_heap_init
 .text._ldiv5   0x000000000000600a       0x40 zephyr/libzephyr.a(cbprintf_complete.c.obj)
 .text._get_digit
                0x000000000000604a       0x2e zephyr/libzephyr.a(cbprintf_complete.c.obj)
 .text.encode_uint
                0x0000000000006078       0x96 zephyr/libzephyr.a(cbprintf_complete.c.obj)
 .text.outs     0x000000000000610e       0x2c zephyr/libzephyr.a(cbprintf_complete.c.obj)
 .text._ConfigAbsSyms
                0x000000000000613a        0x2 zephyr/libzephyr.a(configs.c.obj)
                0x000000000000613a                _ConfigAbsSyms
 .text.get_status
                0x000000000000613c       0x12 zephyr/libzephyr.a(clock_control_nrf.c.obj)
 .text.set_off_state
                0x000000000000614e       0x32 zephyr/libzephyr.a(clock_control_nrf.c.obj)
 .text.set_starting_state
                0x0000000000006180       0x3c zephyr/libzephyr.a(clock_control_nrf.c.obj)
 .text.set_on_state
                0x00000000000061bc       0x26 zephyr/libzephyr.a(clock_control_nrf.c.obj)
 .text.onoff_started_callback
                0x00000000000061e2       0x12 zephyr/libzephyr.a(clock_control_nrf.c.obj)
 .text.lfclk_stop
                0x00000000000061f4        0x6 zephyr/libzephyr.a(clock_control_nrf.c.obj)
 .text.blocking_start_callback
                0x00000000000061fa        0x6 zephyr/libzephyr.a(clock_control_nrf.c.obj)
 .text.api_stop
                0x0000000000006200       0x28 zephyr/libzephyr.a(clock_control_nrf.c.obj)
 .text.api_start
                0x0000000000006228       0x36 zephyr/libzephyr.a(clock_control_nrf.c.obj)
 .text.z_clock_isr
                0x000000000000625e        0x2 zephyr/libzephyr.a(sys_clock_init.c.obj)
                0x000000000000625e                z_clock_isr
 .text.z_clock_idle_exit
                0x0000000000006260        0x2 zephyr/libzephyr.a(sys_clock_init.c.obj)
                0x0000000000006260                z_clock_idle_exit
 .text.lis2mdl_read_reg
                0x0000000000006262        0xc zephyr/libzephyr.a(lis2mdl_reg.c.obj)
                0x0000000000006262                lis2mdl_read_reg
 .text.lis2mdl_write_reg
                0x000000000000626e        0xc zephyr/libzephyr.a(lis2mdl_reg.c.obj)
                0x000000000000626e                lis2mdl_write_reg
 .text.lis2mdl_mag_user_offset_set
                0x000000000000627a       0x32 zephyr/libzephyr.a(lis2mdl_reg.c.obj)
                0x000000000000627a                lis2mdl_mag_user_offset_set
 .text.lis2mdl_operating_mode_set
                0x00000000000062ac       0x2e zephyr/libzephyr.a(lis2mdl_reg.c.obj)
                0x00000000000062ac                lis2mdl_operating_mode_set
 .text.lis2mdl_data_rate_set
                0x00000000000062da       0x2e zephyr/libzephyr.a(lis2mdl_reg.c.obj)
                0x00000000000062da                lis2mdl_data_rate_set
 .text.lis2mdl_offset_temp_comp_set
                0x0000000000006308       0x2e zephyr/libzephyr.a(lis2mdl_reg.c.obj)
                0x0000000000006308                lis2mdl_offset_temp_comp_set
 .text.lis2mdl_set_rst_mode_set
                0x0000000000006336       0x2e zephyr/libzephyr.a(lis2mdl_reg.c.obj)
                0x0000000000006336                lis2mdl_set_rst_mode_set
 .text.lis2mdl_block_data_update_set
                0x0000000000006364       0x2e zephyr/libzephyr.a(lis2mdl_reg.c.obj)
                0x0000000000006364                lis2mdl_block_data_update_set
 .text.lis2mdl_magnetic_raw_get
                0x0000000000006392       0x3c zephyr/libzephyr.a(lis2mdl_reg.c.obj)
                0x0000000000006392                lis2mdl_magnetic_raw_get
 .text.lis2mdl_temperature_raw_get
                0x00000000000063ce       0x20 zephyr/libzephyr.a(lis2mdl_reg.c.obj)
                0x00000000000063ce                lis2mdl_temperature_raw_get
 .text.lis2mdl_device_id_get
                0x00000000000063ee        0xa zephyr/libzephyr.a(lis2mdl_reg.c.obj)
                0x00000000000063ee                lis2mdl_device_id_get
 .text.lis2mdl_reset_set
                0x00000000000063f8       0x2e zephyr/libzephyr.a(lis2mdl_reg.c.obj)
                0x00000000000063f8                lis2mdl_reset_set
 .text.SEGGER_RTT_Init
                0x0000000000006426        0x4 zephyr/libzephyr.a(SEGGER_RTT.c.obj)
                0x0000000000006426                SEGGER_RTT_Init
 .text.rtt_init
                0x000000000000642a        0xa zephyr/libzephyr.a(SEGGER_RTT_zephyr.c.obj)
 .text.z_irq_spurious
                0x0000000000006434        0x8 zephyr/arch/arch/arm/core/aarch32/libarch__arm__core__aarch32.a(irq_manage.c.obj)
                0x0000000000006434                z_irq_spurious
 .text.z_arm_fatal_error
                0x000000000000643c        0x4 zephyr/arch/arch/arm/core/aarch32/libarch__arm__core__aarch32.a(fatal.c.obj)
                0x000000000000643c                z_arm_fatal_error
 .text.z_do_kernel_oops
                0x0000000000006440        0x8 zephyr/arch/arch/arm/core/aarch32/libarch__arm__core__aarch32.a(fatal.c.obj)
                0x0000000000006440                z_do_kernel_oops
 .text.z_arm_nmi
                0x0000000000006448        0xe zephyr/arch/arch/arm/core/aarch32/libarch__arm__core__aarch32.a(nmi.c.obj)
                0x0000000000006448                z_arm_nmi
 .text.strcpy   0x0000000000006456       0x14 zephyr/lib/libc/minimal/liblib__libc__minimal.a(string.c.obj)
                0x0000000000006456                strcpy
 .text.strlen   0x000000000000646a        0xe zephyr/lib/libc/minimal/liblib__libc__minimal.a(string.c.obj)
                0x000000000000646a                strlen
 .text.strnlen  0x0000000000006478       0x12 zephyr/lib/libc/minimal/liblib__libc__minimal.a(string.c.obj)
                0x0000000000006478                strnlen
 .text.strcmp   0x000000000000648a       0x18 zephyr/lib/libc/minimal/liblib__libc__minimal.a(string.c.obj)
                0x000000000000648a                strcmp
 .text.memcpy   0x00000000000064a2       0x56 zephyr/lib/libc/minimal/liblib__libc__minimal.a(string.c.obj)
                0x00000000000064a2                memcpy
 .text.memset   0x00000000000064f8       0x46 zephyr/lib/libc/minimal/liblib__libc__minimal.a(string.c.obj)
                0x00000000000064f8                memset
 .text._stdout_hook_default
                0x000000000000653e        0x6 zephyr/lib/libc/minimal/liblib__libc__minimal.a(stdout_console.c.obj)
 .text.fputc    0x0000000000006544        0x4 zephyr/lib/libc/minimal/liblib__libc__minimal.a(stdout_console.c.obj)
                0x0000000000006544                fputc
 .text.z_platform_init
                0x0000000000006548        0x4 zephyr/soc/arm/nordic_nrf/nrf52/libsoc__arm__nordic_nrf__nrf52.a(soc.c.obj)
                0x0000000000006548                z_platform_init
 .text.nrf_gpio_cfg_sense_set
                0x000000000000654c       0x1c zephyr/drivers/gpio/libdrivers__gpio.a(gpio_nrfx.c.obj)
 .text.gpio_nrfx_port_get_raw
                0x0000000000006568        0xe zephyr/drivers/gpio/libdrivers__gpio.a(gpio_nrfx.c.obj)
 .text.gpio_nrfx_port_set_masked_raw
                0x0000000000006576       0x16 zephyr/drivers/gpio/libdrivers__gpio.a(gpio_nrfx.c.obj)
 .text.gpio_nrfx_port_set_bits_raw
                0x000000000000658c        0xc zephyr/drivers/gpio/libdrivers__gpio.a(gpio_nrfx.c.obj)
 .text.gpio_nrfx_port_clear_bits_raw
                0x0000000000006598        0xc zephyr/drivers/gpio/libdrivers__gpio.a(gpio_nrfx.c.obj)
 .text.gpio_nrfx_port_toggle_bits
                0x00000000000065a4       0x12 zephyr/drivers/gpio/libdrivers__gpio.a(gpio_nrfx.c.obj)
 .text.gpio_nrfx_manage_callback
                0x00000000000065b6       0x56 zephyr/drivers/gpio/libdrivers__gpio.a(gpio_nrfx.c.obj)
 .text.i2c_nrfx_twi_configure
                0x000000000000660c       0x32 zephyr/drivers/i2c/libdrivers__i2c.a(i2c_nrfx_twi.c.obj)
 .text.hts221_sample_fetch
                0x000000000000663e       0x4e zephyr/drivers/sensor/hts221/libdrivers__sensor__hts221.a(hts221.c.obj)
 .text.lis2dh_sample_fetch
                0x000000000000668c       0x26 zephyr/drivers/sensor/lis2dh/libdrivers__sensor__lis2dh.a(lis2dh.c.obj)
 .text.z_impl_i2c_transfer
                0x00000000000066b2        0xc zephyr/drivers/sensor/lis2dh/libdrivers__sensor__lis2dh.a(lis2dh_i2c.c.obj)
 .text.lis2dh_i2c_write_data
                0x00000000000066be       0x3c zephyr/drivers/sensor/lis2dh/libdrivers__sensor__lis2dh.a(lis2dh_i2c.c.obj)
 .text.lis2dh_i2c_write_reg
                0x00000000000066fa       0x2e zephyr/drivers/sensor/lis2dh/libdrivers__sensor__lis2dh.a(lis2dh_i2c.c.obj)
 .text.lis2dh_i2c_update_reg
                0x0000000000006728       0x7c zephyr/drivers/sensor/lis2dh/libdrivers__sensor__lis2dh.a(lis2dh_i2c.c.obj)
 .text.lis2dh_i2c_read_reg
                0x00000000000067a4       0x38 zephyr/drivers/sensor/lis2dh/libdrivers__sensor__lis2dh.a(lis2dh_i2c.c.obj)
 .text.lis2dh_i2c_read_data
                0x00000000000067dc       0x3e zephyr/drivers/sensor/lis2dh/libdrivers__sensor__lis2dh.a(lis2dh_i2c.c.obj)
 .text.lis2mdl_sample_fetch_mag.isra.0
                0x000000000000681a       0x2e zephyr/drivers/sensor/lis2mdl/libdrivers__sensor__lis2mdl.a(lis2mdl.c.obj)
 .text.lis2mdl_sample_fetch_temp.isra.0
                0x0000000000006848       0x34 zephyr/drivers/sensor/lis2mdl/libdrivers__sensor__lis2mdl.a(lis2mdl.c.obj)
 .text.lis2mdl_sample_fetch
                0x000000000000687c       0x32 zephyr/drivers/sensor/lis2mdl/libdrivers__sensor__lis2mdl.a(lis2mdl.c.obj)
 .text.lis2mdl_attr_set
                0x00000000000068ae       0x74 zephyr/drivers/sensor/lis2mdl/libdrivers__sensor__lis2mdl.a(lis2mdl.c.obj)
 .text.lis2mdl_init
                0x0000000000006922       0x8c zephyr/drivers/sensor/lis2mdl/libdrivers__sensor__lis2mdl.a(lis2mdl.c.obj)
 .text.lis2mdl_i2c_read
                0x00000000000069ae       0x3a zephyr/drivers/sensor/lis2mdl/libdrivers__sensor__lis2mdl.a(lis2mdl_i2c.c.obj)
 .text.lis2mdl_i2c_write
                0x00000000000069e8       0x38 zephyr/drivers/sensor/lis2mdl/libdrivers__sensor__lis2mdl.a(lis2mdl_i2c.c.obj)
 .text.lps22hb_sample_fetch
                0x0000000000006a20       0x70 zephyr/drivers/sensor/lps22hb/libdrivers__sensor__lps22hb.a(lps22hb.c.obj)
 .text.i2c_reg_update_byte.constprop.0
                0x0000000000006a90       0x7a zephyr/drivers/sensor/lps22hb/libdrivers__sensor__lps22hb.a(lps22hb.c.obj)
 .text.lps22hb_init
                0x0000000000006b0a       0x94 zephyr/drivers/sensor/lps22hb/libdrivers__sensor__lps22hb.a(lps22hb.c.obj)
 .text.lsm6dsl_accel_set_fs_raw
                0x0000000000006b9e       0x26 zephyr/drivers/sensor/lsm6dsl/libdrivers__sensor__lsm6dsl.a(lsm6dsl.c.obj)
 .text.lsm6dsl_gyro_set_fs_raw
                0x0000000000006bc4       0x2a zephyr/drivers/sensor/lsm6dsl/libdrivers__sensor__lsm6dsl.a(lsm6dsl.c.obj)
 .text.lsm6dsl_gyro_set_odr_raw
                0x0000000000006bee       0x20 zephyr/drivers/sensor/lsm6dsl/libdrivers__sensor__lsm6dsl.a(lsm6dsl.c.obj)
 .text.lsm6dsl_sample_fetch_accel
                0x0000000000006c0e       0x50 zephyr/drivers/sensor/lsm6dsl/libdrivers__sensor__lsm6dsl.a(lsm6dsl.c.obj)
 .text.lsm6dsl_sample_fetch_gyro
                0x0000000000006c5e       0x50 zephyr/drivers/sensor/lsm6dsl/libdrivers__sensor__lsm6dsl.a(lsm6dsl.c.obj)
 .text.lsm6dsl_sample_fetch
                0x0000000000006cae       0x2a zephyr/drivers/sensor/lsm6dsl/libdrivers__sensor__lsm6dsl.a(lsm6dsl.c.obj)
 .text.lsm6dsl_channel_get
                0x0000000000006cd8       0x8c zephyr/drivers/sensor/lsm6dsl/libdrivers__sensor__lsm6dsl.a(lsm6dsl.c.obj)
 .text.lsm6dsl_i2c_write_data
                0x0000000000006d64       0x3a zephyr/drivers/sensor/lsm6dsl/libdrivers__sensor__lsm6dsl.a(lsm6dsl_i2c.c.obj)
 .text.i2c_write_read.constprop.0
                0x0000000000006d9e       0x2c zephyr/drivers/sensor/lsm6dsl/libdrivers__sensor__lsm6dsl.a(lsm6dsl_i2c.c.obj)
 .text.lsm6dsl_i2c_read_data
                0x0000000000006dca       0x24 zephyr/drivers/sensor/lsm6dsl/libdrivers__sensor__lsm6dsl.a(lsm6dsl_i2c.c.obj)
 .text.lsm6dsl_i2c_update_reg
                0x0000000000006dee       0x6a zephyr/drivers/sensor/lsm6dsl/libdrivers__sensor__lsm6dsl.a(lsm6dsl_i2c.c.obj)
 .text.lsm6dsl_i2c_read_reg
                0x0000000000006e58       0x26 zephyr/drivers/sensor/lsm6dsl/libdrivers__sensor__lsm6dsl.a(lsm6dsl_i2c.c.obj)
 .text.z_impl_gpio_pin_interrupt_configure
                0x0000000000006e7e       0x28 zephyr/drivers/sensor/lsm6dsl/libdrivers__sensor__lsm6dsl.a(lsm6dsl_trigger.c.obj)
 .text.gpio_pin_interrupt_configure
                0x0000000000006ea6        0x4 zephyr/drivers/sensor/lsm6dsl/libdrivers__sensor__lsm6dsl.a(lsm6dsl_trigger.c.obj)
 .text.lsm6dsl_thread
                0x0000000000006eaa       0x34 zephyr/drivers/sensor/lsm6dsl/libdrivers__sensor__lsm6dsl.a(lsm6dsl_trigger.c.obj)
 .text.lsm6dsl_gpio_callback
                0x0000000000006ede       0x24 zephyr/drivers/sensor/lsm6dsl/libdrivers__sensor__lsm6dsl.a(lsm6dsl_trigger.c.obj)
 .text.lsm6dsl_trigger_set
                0x0000000000006f02       0x78 zephyr/drivers/sensor/lsm6dsl/libdrivers__sensor__lsm6dsl.a(lsm6dsl_trigger.c.obj)
                0x0000000000006f02                lsm6dsl_trigger_set
 .text.uarte_nrfx_isr_int
                0x0000000000006f7a       0x40 zephyr/drivers/serial/libdrivers__serial.a(uart_nrfx_uarte.c.obj)
 .text.uarte_nrfx_config_get
                0x0000000000006fba       0x10 zephyr/drivers/serial/libdrivers__serial.a(uart_nrfx_uarte.c.obj)
 .text.uarte_nrfx_err_check
                0x0000000000006fca        0xe zephyr/drivers/serial/libdrivers__serial.a(uart_nrfx_uarte.c.obj)
 .text.is_tx_ready
                0x0000000000006fd8       0x1e zephyr/drivers/serial/libdrivers__serial.a(uart_nrfx_uarte.c.obj)
 .text.uarte_nrfx_poll_in
                0x0000000000006ff6       0x26 zephyr/drivers/serial/libdrivers__serial.a(uart_nrfx_uarte.c.obj)
 .text.nrfx_isr
                0x000000000000701c        0x2 modules/hal_nordic/libmodules__hal_nordic.a(nrfx_glue.c.obj)
                0x000000000000701c                nrfx_isr
 .text.nrfx_busy_wait
                0x000000000000701e        0x4 modules/hal_nordic/libmodules__hal_nordic.a(nrfx_glue.c.obj)
                0x000000000000701e                nrfx_busy_wait
 .text.nrfx_clock_enable
                0x0000000000007022       0x14 modules/hal_nordic/libmodules__hal_nordic.a(nrfx_clock.c.obj)
                0x0000000000007022                nrfx_clock_enable
 .text.twi_send_byte
                0x0000000000007036       0x3a modules/hal_nordic/libmodules__hal_nordic.a(nrfx_twi.c.obj)
 .text.twi_transfer
                0x0000000000007070      0x118 modules/hal_nordic/libmodules__hal_nordic.a(nrfx_twi.c.obj)
 .text.arch_system_halt
                0x0000000000007188       0x12 zephyr/kernel/libkernel.a(fatal.c.obj)
                0x0000000000007188                arch_system_halt
 .text.k_sys_fatal_error_handler
                0x000000000000719a        0x6 zephyr/kernel/libkernel.a(fatal.c.obj)
                0x000000000000719a                k_sys_fatal_error_handler
 .text.z_fatal_error
                0x00000000000071a0       0x36 zephyr/kernel/libkernel.a(fatal.c.obj)
                0x00000000000071a0                z_fatal_error
 .text.z_pm_save_idle_exit
                0x00000000000071d6        0x4 zephyr/kernel/libkernel.a(idle.c.obj)
                0x00000000000071d6                z_pm_save_idle_exit
 .text.z_reschedule_irqlock
                0x00000000000071da       0x18 zephyr/kernel/libkernel.a(sched.c.obj)
                0x00000000000071da                z_reschedule_irqlock
 .text.z_reschedule_unlocked
                0x00000000000071f2       0x14 zephyr/kernel/libkernel.a(sched.c.obj)
 .text.unpend_thread_no_timeout
                0x0000000000007206       0x18 zephyr/kernel/libkernel.a(sched.c.obj)
 .text.z_priq_dumb_best
                0x000000000000721e       0x14 zephyr/kernel/libkernel.a(sched.c.obj)
                0x000000000000721e                z_priq_dumb_best
 .text.z_ready_thread
                0x0000000000007232       0x20 zephyr/kernel/libkernel.a(sched.c.obj)
                0x0000000000007232                z_ready_thread
 .text.z_thread_timeout
                0x0000000000007252       0x40 zephyr/kernel/libkernel.a(sched.c.obj)
                0x0000000000007252                z_thread_timeout
 .text.add_to_waitq_locked
                0x0000000000007292       0x56 zephyr/kernel/libkernel.a(sched.c.obj)
 .text.z_unpend_first_thread
                0x00000000000072e8       0x4a zephyr/kernel/libkernel.a(sched.c.obj)
                0x00000000000072e8                z_unpend_first_thread
 .text.z_impl_k_sem_init
                0x0000000000007332       0x18 zephyr/kernel/libkernel.a(sem.c.obj)
                0x0000000000007332                z_impl_k_sem_init
 .text.k_is_in_isr
                0x000000000000734a        0xc zephyr/kernel/libkernel.a(thread.c.obj)
                0x000000000000734a                k_is_in_isr
 .text.z_impl_k_busy_wait
                0x0000000000007356        0x8 zephyr/kernel/libkernel.a(thread.c.obj)
                0x0000000000007356                z_impl_k_busy_wait
 .text.z_abort_timeout
                0x000000000000735e       0x2c zephyr/kernel/libkernel.a(timeout.c.obj)
                0x000000000000735e                z_abort_timeout
 .text.z_get_next_timeout_expiry
                0x000000000000738a       0x20 zephyr/kernel/libkernel.a(timeout.c.obj)
                0x000000000000738a                z_get_next_timeout_expiry
 .text.z_set_timeout_expiry
                0x00000000000073aa       0x34 zephyr/kernel/libkernel.a(timeout.c.obj)
                0x00000000000073aa                z_set_timeout_expiry
 .text.z_tick_get_32
                0x00000000000073de        0x8 zephyr/kernel/libkernel.a(timeout.c.obj)
                0x00000000000073de                z_tick_get_32
 .text.k_heap_init
                0x00000000000073e6       0x10 zephyr/kernel/libkernel.a(kheap.c.obj)
                0x00000000000073e6                k_heap_init
 .text._OffsetAbsSyms
                0x00000000000073f6        0x2 zephyr/CMakeFiles/offsets.dir/arch/arm/core/offsets/offsets.c.obj
                0x00000000000073f6                _OffsetAbsSyms
 *(SORT_BY_ALIGNMENT(.TEXT.*))
 *(SORT_BY_ALIGNMENT(.gnu.linkonce.t.*))
 *(SORT_BY_ALIGNMENT(.glue_7t))
 .glue_7t       0x00000000000073f8        0x0 linker stubs
 *(SORT_BY_ALIGNMENT(.glue_7))
 .glue_7        0x00000000000073f8        0x0 linker stubs
 *(SORT_BY_ALIGNMENT(.vfp11_veneer))
 .vfp11_veneer  0x00000000000073f8        0x0 linker stubs
 *(SORT_BY_ALIGNMENT(.v4_bx))
 .v4_bx         0x00000000000073f8        0x0 linker stubs
                0x00000000000073f8                _image_text_end = .

.ARM.exidx      0x00000000000073f8        0x8
                0x00000000000073f8                __exidx_start = .
 *(SORT_BY_ALIGNMENT(.ARM.exidx*) SORT_BY_ALIGNMENT(gnu.linkonce.armexidx.*))
 .ARM.exidx     0x00000000000073f8        0x8 /home/danilo/zephyr-sdk-0.11.1/arm-zephyr-eabi/bin/../lib/gcc/arm-zephyr-eabi/9.2.0/thumb/v7e-m/nofp/libgcc.a(_udivmoddi4.o)
                0x0000000000007400                __exidx_end = .
                0x0000000000007400                _image_rodata_start = .

initlevel       0x0000000000007400       0x78
                0x0000000000007400                __init_start = .
                0x0000000000007400                __init_PRE_KERNEL_1_start = .
 *(SORT_BY_NAME(SORT_BY_ALIGNMENT(.init_PRE_KERNEL_1[0-9]*)))
 .init_PRE_KERNEL_10
                0x0000000000007400        0x8 zephyr/soc/arm/nordic_nrf/nrf52/libsoc__arm__nordic_nrf__nrf52.a(soc.c.obj)
 .init_PRE_KERNEL_130
                0x0000000000007408        0x8 zephyr/libzephyr.a(SEGGER_RTT_zephyr.c.obj)
 .init_PRE_KERNEL_130
                0x0000000000007410        0x8 zephyr/kernel/libkernel.a(kheap.c.obj)
 .init_PRE_KERNEL_140
                0x0000000000007418        0x8 zephyr/arch/arch/arm/core/aarch32/cortex_m/mpu/libarch__arm__core__aarch32__cortex_m__mpu.a(arm_mpu.c.obj)
 .init_PRE_KERNEL_150
                0x0000000000007420        0x8 zephyr/libzephyr.a(clock_control_nrf.c.obj)
 .init_PRE_KERNEL_150
                0x0000000000007428        0x8 zephyr/drivers/serial/libdrivers__serial.a(uart_nrfx_uarte.c.obj)
 .init_PRE_KERNEL_160
                0x0000000000007430        0x8 zephyr/libzephyr.a(uart_console.c.obj)
 *(SORT_BY_NAME(SORT_BY_ALIGNMENT(.init_PRE_KERNEL_1[1-9][0-9]*)))
                0x0000000000007438                __init_PRE_KERNEL_2_start = .
 *(SORT_BY_NAME(SORT_BY_ALIGNMENT(.init_PRE_KERNEL_2[0-9]*)))
 .init_PRE_KERNEL_20
                0x0000000000007438        0x8 zephyr/libzephyr.a(sys_clock_init.c.obj)
 *(SORT_BY_NAME(SORT_BY_ALIGNMENT(.init_PRE_KERNEL_2[1-9][0-9]*)))
                0x0000000000007440                __init_POST_KERNEL_start = .
 *(SORT_BY_NAME(SORT_BY_ALIGNMENT(.init_POST_KERNEL[0-9]*)))
 .init_POST_KERNEL40
                0x0000000000007440        0x8 zephyr/drivers/gpio/libdrivers__gpio.a(gpio_nrfx.c.obj)
 .init_POST_KERNEL60
                0x0000000000007448        0x8 zephyr/drivers/i2c/libdrivers__i2c.a(i2c_nrfx_twi.c.obj)
 .init_POST_KERNEL90
                0x0000000000007450        0x8 zephyr/drivers/sensor/hts221/libdrivers__sensor__hts221.a(hts221.c.obj)
 .init_POST_KERNEL90
                0x0000000000007458        0x8 zephyr/drivers/sensor/lis2dh/libdrivers__sensor__lis2dh.a(lis2dh.c.obj)
 .init_POST_KERNEL90
                0x0000000000007460        0x8 zephyr/drivers/sensor/lis2mdl/libdrivers__sensor__lis2mdl.a(lis2mdl.c.obj)
 .init_POST_KERNEL90
                0x0000000000007468        0x8 zephyr/drivers/sensor/lps22hb/libdrivers__sensor__lps22hb.a(lps22hb.c.obj)
 .init_POST_KERNEL90
                0x0000000000007470        0x8 zephyr/drivers/sensor/lsm6dsl/libdrivers__sensor__lsm6dsl.a(lsm6dsl.c.obj)
 *(SORT_BY_NAME(SORT_BY_ALIGNMENT(.init_POST_KERNEL[1-9][0-9]*)))
                0x0000000000007478                __init_APPLICATION_start = .
 *(SORT_BY_NAME(SORT_BY_ALIGNMENT(.init_APPLICATION[0-9]*)))
 *(SORT_BY_NAME(SORT_BY_ALIGNMENT(.init_APPLICATION[1-9][0-9]*)))
                0x0000000000007478                __init_SMP_start = .
 *(SORT_BY_NAME(SORT_BY_ALIGNMENT(.init_SMP[0-9]*)))
 *(SORT_BY_NAME(SORT_BY_ALIGNMENT(.init_SMP[1-9][0-9]*)))
                0x0000000000007478                __init_end = .

sw_isr_table    0x0000000000007478      0x138
                0x0000000000007478                . = ALIGN (0x0)
 *(SORT_BY_ALIGNMENT(.gnu.linkonce.sw_isr_table*))
 .gnu.linkonce.sw_isr_table*
                0x0000000000007478      0x138 zephyr/arch/common/libisr_tables.a(isr_tables.c.obj)
                0x0000000000007478                _sw_isr_table

initlevel_error
                0x0000000000007400        0x0
 *(SORT_BY_NAME(SORT_BY_ALIGNMENT(.init_[_A-Z0-9]*)))
                0x0000000000000001                ASSERT ((SIZEOF (initlevel_error) == 0x0), Undefined initialization levels used.)

app_shmem_regions
                0x00000000000075b0        0x0
                0x00000000000075b0                __app_shmem_regions_start = .
 *(SORT_BY_NAME(SORT_BY_ALIGNMENT(.app_regions.*)))
                0x00000000000075b0                __app_shmem_regions_end = .

bt_l2cap_fixed_chan_area
                0x00000000000075b0        0x0
                0x00000000000075b0                _bt_l2cap_fixed_chan_list_start = .
 *(SORT_BY_NAME(SORT_BY_ALIGNMENT(._bt_l2cap_fixed_chan.static.*)))
                0x00000000000075b0                _bt_l2cap_fixed_chan_list_end = .

bt_gatt_service_static_area
                0x00000000000075b0        0x0
                0x00000000000075b0                _bt_gatt_service_static_list_start = .
 *(SORT_BY_NAME(SORT_BY_ALIGNMENT(._bt_gatt_service_static.static.*)))
                0x00000000000075b0                _bt_gatt_service_static_list_end = .

k_p4wq_initparam_area
                0x00000000000075b0        0x0
                0x00000000000075b0                _k_p4wq_initparam_list_start = .
 *(SORT_BY_NAME(SORT_BY_ALIGNMENT(._k_p4wq_initparam.static.*)))
                0x00000000000075b0                _k_p4wq_initparam_list_end = .

log_const_sections
                0x00000000000075b0        0x0
                0x00000000000075b0                __log_const_start = .
 *(SORT_BY_NAME(SORT_BY_ALIGNMENT(.log_const_*)))
                0x00000000000075b0                __log_const_end = .

log_backends_sections
                0x00000000000075b0        0x0
                0x00000000000075b0                __log_backends_start = .
 *(SORT_BY_ALIGNMENT(._log_backend.*))
                0x00000000000075b0                __log_backends_end = .

shell_area      0x00000000000075b0        0x0
                0x00000000000075b0                _shell_list_start = .
 *(SORT_BY_NAME(SORT_BY_ALIGNMENT(._shell.static.*)))
                0x00000000000075b0                _shell_list_end = .

shell_root_cmds_sections
                0x00000000000075b0        0x0
                0x00000000000075b0                __shell_root_cmds_start = .
 *(SORT_BY_NAME(SORT_BY_ALIGNMENT(.shell_root_cmd_*)))
                0x00000000000075b0                __shell_root_cmds_end = .

font_entry_sections
                0x00000000000075b0        0x0
                0x00000000000075b0                __font_entry_start = .
 *(SORT_BY_NAME(SORT_BY_ALIGNMENT(._cfb_font.*)))
                0x00000000000075b0                __font_entry_end = .

tracing_backend_area
                0x00000000000075b0        0x0
                0x00000000000075b0                _tracing_backend_list_start = .
 *(SORT_BY_NAME(SORT_BY_ALIGNMENT(._tracing_backend.static.*)))
                0x00000000000075b0                _tracing_backend_list_end = .

tdata           0x00000000000075b0        0x0
 *(SORT_BY_ALIGNMENT(.tdata) SORT_BY_ALIGNMENT(.tdata.*) SORT_BY_ALIGNMENT(.gnu.linkonce.td.*))

tbss            0x00000000000075b0        0x0
 *(SORT_BY_ALIGNMENT(.tbss) SORT_BY_ALIGNMENT(.tbss.*) SORT_BY_ALIGNMENT(.gnu.linkonce.tb.*) SORT_BY_ALIGNMENT(.tcommon))
                [!provide]                        PROVIDE (__tdata_start = LOADADDR (tdata))
                [!provide]                        PROVIDE (__tdata_size = SIZEOF (tdata))
                [!provide]                        PROVIDE (__tdata_end = (__tdata_start + __tdata_size))
                [!provide]                        PROVIDE (__tbss_start = LOADADDR (tbss))
                [!provide]                        PROVIDE (__tbss_size = SIZEOF (tbss))
                [!provide]                        PROVIDE (__tbss_end = (__tbss_start + __tbss_size))
                [!provide]                        PROVIDE (__tls_start = __tdata_start)
                [!provide]                        PROVIDE (__tls_end = __tbss_end)
                [!provide]                        PROVIDE (__tls_size = (__tbss_end - __tdata_start))

rodata          0x00000000000075b0      0x66c
 *(SORT_BY_ALIGNMENT(.rodata))
 *(SORT_BY_ALIGNMENT(.rodata.*))
 .rodata.delay_machine_code.11473
                0x00000000000075b0        0x6 zephyr/soc/arm/nordic_nrf/nrf52/libsoc__arm__nordic_nrf__nrf52.a(soc.c.obj)
 *fill*         0x00000000000075b6        0x2 
 .rodata.clock_control_api
                0x00000000000075b8       0x14 zephyr/libzephyr.a(clock_control_nrf.c.obj)
 .rodata.config
                0x00000000000075cc       0x10 zephyr/libzephyr.a(clock_control_nrf.c.obj)
 .rodata.transitions.10117
                0x00000000000075dc        0xc zephyr/libzephyr.a(clock_control_nrf.c.obj)
 .rodata.static_regions
                0x00000000000075e8        0xc zephyr/arch/arch/arm/core/aarch32/cortex_m/mpu/libarch__arm__core__aarch32__cortex_m__mpu.a(arm_core_mpu.c.obj)
 .rodata.mpu_config
                0x00000000000075f4        0x8 zephyr/soc/arm/common/cortex_m/libsoc__arm__common__cortex_m.a(arm_mpu_regions.c.obj)
                0x00000000000075f4                mpu_config
 .rodata.mpu_regions
                0x00000000000075fc       0x18 zephyr/soc/arm/common/cortex_m/libsoc__arm__common__cortex_m.a(arm_mpu_regions.c.obj)
 .rodata.gpio_nrfx_drv_api_funcs
                0x0000000000007614       0x24 zephyr/drivers/gpio/libdrivers__gpio.a(gpio_nrfx.c.obj)
 .rodata.gpio_nrfx_p0_cfg
                0x0000000000007638        0xc zephyr/drivers/gpio/libdrivers__gpio.a(gpio_nrfx.c.obj)
 .rodata.i2c_nrfx_twi_driver_api
                0x0000000000007644       0x14 zephyr/drivers/i2c/libdrivers__i2c.a(i2c_nrfx_twi.c.obj)
 .rodata.twi_0z_config
                0x0000000000007658       0x18 zephyr/drivers/i2c/libdrivers__i2c.a(i2c_nrfx_twi.c.obj)
 .rodata.hts221_cfg
                0x0000000000007670        0x8 zephyr/drivers/sensor/hts221/libdrivers__sensor__hts221.a(hts221.c.obj)
 .rodata.hts221_driver_api
                0x0000000000007678       0x14 zephyr/drivers/sensor/hts221/libdrivers__sensor__hts221.a(hts221.c.obj)
 .rodata.lis2dh_config_0
                0x000000000000768c        0xc zephyr/drivers/sensor/lis2dh/libdrivers__sensor__lis2dh.a(lis2dh.c.obj)
 .rodata.lis2dh_driver_api
                0x0000000000007698       0x14 zephyr/drivers/sensor/lis2dh/libdrivers__sensor__lis2dh.a(lis2dh.c.obj)
 .rodata.lis2dh_i2c_transfer_fn
                0x00000000000076ac       0x14 zephyr/drivers/sensor/lis2dh/libdrivers__sensor__lis2dh.a(lis2dh_i2c.c.obj)
 .rodata.lis2mdl_dev_config
                0x00000000000076c0        0xc zephyr/drivers/sensor/lis2mdl/libdrivers__sensor__lis2mdl.a(lis2mdl.c.obj)
 .rodata.lis2mdl_driver_api
                0x00000000000076cc       0x14 zephyr/drivers/sensor/lis2mdl/libdrivers__sensor__lis2mdl.a(lis2mdl.c.obj)
 .rodata.lps22hb_api_funcs
                0x00000000000076e0       0x14 zephyr/drivers/sensor/lps22hb/libdrivers__sensor__lps22hb.a(lps22hb.c.obj)
 .rodata.lps22hb_config
                0x00000000000076f4        0x8 zephyr/drivers/sensor/lps22hb/libdrivers__sensor__lps22hb.a(lps22hb.c.obj)
 .rodata.lsm6dsl_config_0
                0x00000000000076fc       0x18 zephyr/drivers/sensor/lsm6dsl/libdrivers__sensor__lsm6dsl.a(lsm6dsl.c.obj)
 .rodata.lsm6dsl_driver_api
                0x0000000000007714       0x14 zephyr/drivers/sensor/lsm6dsl/libdrivers__sensor__lsm6dsl.a(lsm6dsl.c.obj)
 .rodata.lsm6dsl_i2c_transfer_fn
                0x0000000000007728       0x10 zephyr/drivers/sensor/lsm6dsl/libdrivers__sensor__lsm6dsl.a(lsm6dsl_i2c.c.obj)
 .rodata.uart_nrfx_uarte_driver_api
                0x0000000000007738       0x14 zephyr/drivers/serial/libdrivers__serial.a(uart_nrfx_uarte.c.obj)
 .rodata.uarte_0z_config
                0x000000000000774c        0x8 zephyr/drivers/serial/libdrivers__serial.a(uart_nrfx_uarte.c.obj)
 .rodata.levels.8694
                0x0000000000007754       0x14 zephyr/kernel/libkernel.a(device.c.obj)
 .rodata._k_neg_eagain
                0x0000000000007768        0x4 zephyr/kernel/libkernel.a(errno.c.obj)
                0x0000000000007768                _k_neg_eagain
 .rodata.lis2dh_odr_map
                0x000000000000776c       0x16 zephyr/drivers/sensor/lis2dh/libdrivers__sensor__lis2dh.a(lis2dh.c.obj)
 .rodata.lsm6dsl_accel_fs_sens
                0x0000000000007782        0x8 zephyr/drivers/sensor/lsm6dsl/libdrivers__sensor__lsm6dsl.a(lsm6dsl.c.obj)
 .rodata.lsm6dsl_gyro_fs_sens
                0x000000000000778a        0xa zephyr/drivers/sensor/lsm6dsl/libdrivers__sensor__lsm6dsl.a(lsm6dsl.c.obj)
 .rodata.lsm6dsl_odr_map
                0x0000000000007794       0x16 zephyr/drivers/sensor/lsm6dsl/libdrivers__sensor__lsm6dsl.a(lsm6dsl.c.obj)
 .rodata.main.str1.1
                0x00000000000077aa      0x3c4 app/libapp.a(main.c.obj)
 .rodata.cbvprintf.str1.1
                0x0000000000007b6e        0x6 zephyr/libzephyr.a(cbprintf_complete.c.obj)
 .rodata.uart_console_init.str1.1
                0x0000000000007b74        0x7 zephyr/libzephyr.a(uart_console.c.obj)
 .rodata.str1.1
                0x0000000000007b7b        0x6 zephyr/libzephyr.a(clock_control_nrf.c.obj)
 .rodata.str1.1
                0x0000000000007b81        0xa zephyr/libzephyr.a(sys_clock_init.c.obj)
 .rodata._DoInit.str1.1
                0x0000000000007b8b       0x14 zephyr/libzephyr.a(SEGGER_RTT.c.obj)
 .rodata.str1.1
                0x0000000000007b9f        0xf zephyr/soc/arm/common/cortex_m/libsoc__arm__common__cortex_m.a(arm_mpu_regions.c.obj)
 .rodata.str1.1
                0x0000000000007bae        0x7 zephyr/drivers/gpio/libdrivers__gpio.a(gpio_nrfx.c.obj)
 .rodata.str1.1
                0x0000000000007bae        0x6 zephyr/drivers/i2c/libdrivers__i2c.a(i2c_nrfx_twi.c.obj)
 .rodata.hts221_init.str1.1
                0x0000000000007bb4        0x7 zephyr/drivers/sensor/hts221/libdrivers__sensor__hts221.a(hts221.c.obj)
                                          0x9 (size before relaxing)
 .rodata.str1.1
                0x0000000000007bbb        0xd zephyr/drivers/sensor/hts221/libdrivers__sensor__hts221.a(hts221.c.obj)
 .rodata.str1.1
                0x0000000000007bbb       0x16 zephyr/drivers/sensor/lis2dh/libdrivers__sensor__lis2dh.a(lis2dh.c.obj)
 .rodata.CSWTCH.25
                0x0000000000007bbb        0x4 zephyr/drivers/sensor/lis2dh/libdrivers__sensor__lis2dh.a(lis2dh.c.obj)
 .rodata.CSWTCH.26
                0x0000000000007bbf        0x4 zephyr/drivers/sensor/lis2dh/libdrivers__sensor__lis2dh.a(lis2dh.c.obj)
 .rodata.str1.1
                0x0000000000007bc3       0x15 zephyr/drivers/sensor/lis2mdl/libdrivers__sensor__lis2mdl.a(lis2mdl.c.obj)
 .rodata.str1.1
                0x0000000000007bc3        0xe zephyr/drivers/sensor/lps22hb/libdrivers__sensor__lps22hb.a(lps22hb.c.obj)
 .rodata.str1.1
                0x0000000000007bc3       0x15 zephyr/drivers/sensor/lsm6dsl/libdrivers__sensor__lsm6dsl.a(lsm6dsl.c.obj)
 .rodata.str1.1
                0x0000000000007bc3        0x7 zephyr/drivers/serial/libdrivers__serial.a(uart_nrfx_uarte.c.obj)
 .rodata.CSWTCH.14
                0x0000000000007bc3        0x4 modules/hal_nordic/libmodules__hal_nordic.a(system_nrf52.c.obj)
 .rodata.CSWTCH.18
                0x0000000000007bc7        0x4 modules/hal_nordic/libmodules__hal_nordic.a(system_nrf52.c.obj)
 .rodata.CSWTCH.4
                0x0000000000007bcb        0x4 modules/hal_nordic/libmodules__hal_nordic.a(system_nrf52.c.obj)
 .rodata.z_cstart.str1.1
                0x0000000000007bcf        0x5 zephyr/kernel/libkernel.a(init.c.obj)
 .rodata.boot_banner.str1.1
                0x0000000000007bd4       0x48 zephyr/kernel/libkernel.a(banner.c.obj)
                                         0x49 (size before relaxing)
 *(SORT_BY_ALIGNMENT(.gnu.linkonce.r.*))
                0x0000000000007c1c                . = ALIGN (0x4)
                0x0000000000007c1c                _image_rodata_end = .
                0x0000000000007c20                . = ALIGN (_region_min_align)
                0x0000000000008000                . = ALIGN ((0x1 << LOG2CEIL ((_image_rodata_end - _image_rom_start))))
                0x0000000000008000                _image_rom_end = .
                0x0000000020000000                . = 0x20000000
                0x0000000020000000                . = ALIGN (_region_min_align)
                0x0000000020000000                _image_ram_start = .

.ramfunc        0x0000000020000000        0x0 load address 0x0000000000007c1c
                0x0000000020000000                . = ALIGN (_region_min_align)
                0x0000000020000000                . = ALIGN ((0x1 << LOG2CEIL (_ramfunc_ram_size)))
                0x0000000020000000                _ramfunc_ram_start = .
 *(SORT_BY_ALIGNMENT(.ramfunc))
 *(SORT_BY_ALIGNMENT(.ramfunc.*))
                0x0000000020000000                . = ALIGN (_region_min_align)
                0x0000000020000000                . = ALIGN ((0x1 << LOG2CEIL (_ramfunc_ram_size)))
                0x0000000020000000                _ramfunc_ram_end = .
                0x0000000000000000                _ramfunc_ram_size = (_ramfunc_ram_end - _ramfunc_ram_start)
                0x0000000000007c1c                _ramfunc_rom_start = LOADADDR (.ramfunc)

datas           0x0000000020000000       0x60 load address 0x0000000000007c1c
                0x0000000020000000                __data_ram_start = .
 *(SORT_BY_ALIGNMENT(.data))
 *(SORT_BY_ALIGNMENT(.data.*))
 .data._char_out
                0x0000000020000000        0x4 zephyr/libzephyr.a(printk.c.obj)
                0x0000000020000000                _char_out
 .data._stdout_hook
                0x0000000020000004        0x4 zephyr/lib/libc/minimal/liblib__libc__minimal.a(stdout_console.c.obj)
 .data.twi_0_data
                0x0000000020000008       0x28 zephyr/drivers/i2c/libdrivers__i2c.a(i2c_nrfx_twi.c.obj)
 .data.lis2dh_reg_val_to_scale
                0x0000000020000030       0x10 zephyr/drivers/sensor/lis2dh/libdrivers__sensor__lis2dh.a(lis2dh.c.obj)
 .data.uarte_0_data
                0x0000000020000040       0x14 zephyr/drivers/serial/libdrivers__serial.a(uart_nrfx_uarte.c.obj)
 .data.SystemCoreClock
                0x0000000020000054        0x4 modules/hal_nordic/libmodules__hal_nordic.a(system_nrf52.c.obj)
                0x0000000020000054                SystemCoreClock
 .data.timeout_list
                0x0000000020000058        0x8 zephyr/kernel/libkernel.a(timeout.c.obj)
 *(SORT_BY_ALIGNMENT(.kernel.*))
                0x0000000000007c1c                __data_rom_start = LOADADDR (datas)

devices         0x0000000020000060       0xa4 load address 0x0000000000007c7c
                0x0000000020000060                __device_start = .
                0x0000000020000060                __device_PRE_KERNEL_1_start = .
 *(SORT_BY_NAME(SORT_BY_ALIGNMENT(.device_PRE_KERNEL_1[0-9]*)))
 .device_PRE_KERNEL_150
                0x0000000020000060       0x10 zephyr/libzephyr.a(clock_control_nrf.c.obj)
                0x0000000020000060                __device_DT_N_S_soc_S_clock_40000000
 .device_PRE_KERNEL_150
                0x0000000020000070       0x10 zephyr/drivers/serial/libdrivers__serial.a(uart_nrfx_uarte.c.obj)
                0x0000000020000070                __device_DT_N_S_soc_S_uart_40002000
 *(SORT_BY_NAME(SORT_BY_ALIGNMENT(.device_PRE_KERNEL_1[1-9][0-9]*)))
                0x0000000020000080                __device_PRE_KERNEL_2_start = .
 *(SORT_BY_NAME(SORT_BY_ALIGNMENT(.device_PRE_KERNEL_2[0-9]*)))
 .device_PRE_KERNEL_20
                0x0000000020000080       0x10 zephyr/libzephyr.a(sys_clock_init.c.obj)
 *(SORT_BY_NAME(SORT_BY_ALIGNMENT(.device_PRE_KERNEL_2[1-9][0-9]*)))
                0x0000000020000090                __device_POST_KERNEL_start = .
 *(SORT_BY_NAME(SORT_BY_ALIGNMENT(.device_POST_KERNEL[0-9]*)))
 .device_POST_KERNEL40
                0x0000000020000090       0x10 zephyr/drivers/gpio/libdrivers__gpio.a(gpio_nrfx.c.obj)
                0x0000000020000090                __device_DT_N_S_soc_S_gpio_50000000
 .device_POST_KERNEL60
                0x00000000200000a0       0x10 zephyr/drivers/i2c/libdrivers__i2c.a(i2c_nrfx_twi.c.obj)
                0x00000000200000a0                __device_DT_N_S_soc_S_i2c_40003000
 .device_POST_KERNEL90
                0x00000000200000b0       0x10 zephyr/drivers/sensor/hts221/libdrivers__sensor__hts221.a(hts221.c.obj)
                0x00000000200000b0                __device_DT_N_S_soc_S_i2c_40003000_S_hts221_5f
 .device_POST_KERNEL90
                0x00000000200000c0       0x10 zephyr/drivers/sensor/lis2dh/libdrivers__sensor__lis2dh.a(lis2dh.c.obj)
                0x00000000200000c0                __device_DT_N_S_soc_S_i2c_40003000_S_lsm303agr_accel_19
 .device_POST_KERNEL90
                0x00000000200000d0       0x10 zephyr/drivers/sensor/lis2mdl/libdrivers__sensor__lis2mdl.a(lis2mdl.c.obj)
                0x00000000200000d0                __device_DT_N_S_soc_S_i2c_40003000_S_lsm303agr_magn_1e
 .device_POST_KERNEL90
                0x00000000200000e0       0x10 zephyr/drivers/sensor/lps22hb/libdrivers__sensor__lps22hb.a(lps22hb.c.obj)
                0x00000000200000e0                __device_DT_N_S_soc_S_i2c_40003000_S_lps22hb_press_5d
 .device_POST_KERNEL90
                0x00000000200000f0       0x10 zephyr/drivers/sensor/lsm6dsl/libdrivers__sensor__lsm6dsl.a(lsm6dsl.c.obj)
                0x00000000200000f0                __device_DT_N_S_soc_S_i2c_40003000_S_lsm6dsl_6b
 *(SORT_BY_NAME(SORT_BY_ALIGNMENT(.device_POST_KERNEL[1-9][0-9]*)))
                0x0000000020000100                __device_APPLICATION_start = .
 *(SORT_BY_NAME(SORT_BY_ALIGNMENT(.device_APPLICATION[0-9]*)))
 *(SORT_BY_NAME(SORT_BY_ALIGNMENT(.device_APPLICATION[1-9][0-9]*)))
                0x0000000020000100                __device_SMP_start = .
 *(SORT_BY_NAME(SORT_BY_ALIGNMENT(.device_SMP[0-9]*)))
 *(SORT_BY_NAME(SORT_BY_ALIGNMENT(.device_SMP[1-9][0-9]*)))
                0x0000000020000100                __device_end = .
 FILL mask 0x00
                0x0000000020000100                __device_init_status_start = .
                0x0000000020000104                . = (. + (((((__device_end - __device_start) / 0x10) + 0x1f) / 0x20) * 0x4))
 *fill*         0x0000000020000100        0x4 00
                0x0000000020000104                __device_init_status_end = .

initshell       0x0000000020000104        0x0 load address 0x0000000000007d20
                0x0000000020000104                __shell_module_start = .
 *(SORT_BY_ALIGNMENT(.shell_module_*))
                0x0000000020000104                __shell_module_end = .
                0x0000000020000104                __shell_cmd_start = .
 *(SORT_BY_ALIGNMENT(.shell_cmd_*))
                0x0000000020000104                __shell_cmd_end = .

log_dynamic_sections
                0x0000000020000104        0x0 load address 0x0000000000007d20
                0x0000000020000104                __log_dynamic_start = .
 *(SORT_BY_NAME(SORT_BY_ALIGNMENT(.log_dynamic_*)))
                0x0000000020000104                __log_dynamic_end = .

_static_thread_data_area
                0x0000000020000104        0x0 load address 0x0000000000007d20
                0x0000000020000104                __static_thread_data_list_start = .
 *(SORT_BY_NAME(SORT_BY_ALIGNMENT(.__static_thread_data.static.*)))
                0x0000000020000104                __static_thread_data_list_end = .

k_timer_area    0x0000000020000104        0x0 load address 0x0000000000007d20
                0x0000000020000104                _k_timer_list_start = .
 *(SORT_BY_NAME(SORT_BY_ALIGNMENT(._k_timer.static.*)))
                0x0000000020000104                _k_timer_list_end = .

k_mem_slab_area
                0x0000000020000104        0x0 load address 0x0000000000007d20
                0x0000000020000104                _k_mem_slab_list_start = .
 *(SORT_BY_NAME(SORT_BY_ALIGNMENT(._k_mem_slab.static.*)))
                0x0000000020000104                _k_mem_slab_list_end = .

k_mem_pool_area
                0x0000000020000104        0x0 load address 0x0000000000007d20
                0x0000000020000104                _k_mem_pool_list_start = .
 *(SORT_BY_NAME(SORT_BY_ALIGNMENT(._k_mem_pool.static.*)))
                0x0000000020000104                _k_mem_pool_list_end = .

k_heap_area     0x0000000020000104        0x0 load address 0x0000000000007d20
                0x0000000020000104                _k_heap_list_start = .
 *(SORT_BY_NAME(SORT_BY_ALIGNMENT(._k_heap.static.*)))
                0x0000000020000104                _k_heap_list_end = .

k_mutex_area    0x0000000020000104        0x0 load address 0x0000000000007d20
                0x0000000020000104                _k_mutex_list_start = .
 *(SORT_BY_NAME(SORT_BY_ALIGNMENT(._k_mutex.static.*)))
                0x0000000020000104                _k_mutex_list_end = .

k_stack_area    0x0000000020000104        0x0 load address 0x0000000000007d20
                0x0000000020000104                _k_stack_list_start = .
 *(SORT_BY_NAME(SORT_BY_ALIGNMENT(._k_stack.static.*)))
                0x0000000020000104                _k_stack_list_end = .

k_msgq_area     0x0000000020000104        0x0 load address 0x0000000000007d20
                0x0000000020000104                _k_msgq_list_start = .
 *(SORT_BY_NAME(SORT_BY_ALIGNMENT(._k_msgq.static.*)))
                0x0000000020000104                _k_msgq_list_end = .

k_mbox_area     0x0000000020000104        0x0 load address 0x0000000000007d20
                0x0000000020000104                _k_mbox_list_start = .
 *(SORT_BY_NAME(SORT_BY_ALIGNMENT(._k_mbox.static.*)))
                0x0000000020000104                _k_mbox_list_end = .

k_pipe_area     0x0000000020000104        0x0 load address 0x0000000000007d20
                0x0000000020000104                _k_pipe_list_start = .
 *(SORT_BY_NAME(SORT_BY_ALIGNMENT(._k_pipe.static.*)))
                0x0000000020000104                _k_pipe_list_end = .

k_sem_area      0x0000000020000104        0x0 load address 0x0000000000007d20
                0x0000000020000104                _k_sem_list_start = .
 *(SORT_BY_NAME(SORT_BY_ALIGNMENT(._k_sem.static.*)))
                0x0000000020000104                _k_sem_list_end = .

k_queue_area    0x0000000020000104        0x0 load address 0x0000000000007d20
                0x0000000020000104                _k_queue_list_start = .
 *(SORT_BY_NAME(SORT_BY_ALIGNMENT(._k_queue.static.*)))
                0x0000000020000104                _k_queue_list_end = .

k_condvar_area  0x0000000020000104        0x0 load address 0x0000000000007d20
                0x0000000020000104                _k_condvar_list_start = .
 *(SORT_BY_NAME(SORT_BY_ALIGNMENT(._k_condvar.static.*)))
                0x0000000020000104                _k_condvar_list_end = .

_net_buf_pool_area
                0x0000000020000104        0x0 load address 0x0000000000007d20
                0x0000000020000104                _net_buf_pool_list = .
 *(SORT_BY_NAME(SORT_BY_ALIGNMENT(._net_buf_pool.static.*)))
                0x0000000020000104                __data_ram_end = .

bss             0x0000000020000120      0xc78
                0x0000000020000120                . = ALIGN (0x4)
                0x0000000020000120                __bss_start = .
                0x0000000020000120                __kernel_ram_start = .
 *(SORT_BY_ALIGNMENT(.bss))
 *(SORT_BY_ALIGNMENT(.bss.*))
 .bss.lsm6dsl_data_0
                0x0000000020000120      0x520 zephyr/drivers/sensor/lsm6dsl/libdrivers__sensor__lsm6dsl.a(lsm6dsl.c.obj)
 .bss.z_idle_threads
                0x0000000020000640       0x80 zephyr/kernel/libkernel.a(init.c.obj)
                0x0000000020000640                z_idle_threads
 .bss.z_main_thread
                0x00000000200006c0       0x80 zephyr/kernel/libkernel.a(init.c.obj)
                0x00000000200006c0                z_main_thread
 .bss.curr_tick
                0x0000000020000740        0x8 zephyr/kernel/libkernel.a(timeout.c.obj)
 .bss.lsm6dsl_trig_cnt
                0x0000000020000748        0x4 app/libapp.a(main.c.obj)
 .bss.uart_console_dev
                0x000000002000074c        0x4 zephyr/libzephyr.a(uart_console.c.obj)
 .bss.cli.10094
                0x0000000020000750       0x10 zephyr/libzephyr.a(clock_control_nrf.c.obj)
 .bss.data      0x0000000020000760       0x50 zephyr/libzephyr.a(clock_control_nrf.c.obj)
 .bss.hfclk_users
                0x00000000200007b0        0x4 zephyr/libzephyr.a(clock_control_nrf.c.obj)
 .bss.on.10093  0x00000000200007b4        0x4 zephyr/libzephyr.a(clock_control_nrf.c.obj)
 .bss.cc_data   0x00000000200007b8        0x8 zephyr/libzephyr.a(nrf_rtc_timer.c.obj)
 .bss.int_mask  0x00000000200007c0        0x4 zephyr/libzephyr.a(nrf_rtc_timer.c.obj)
 .bss.last_count
                0x00000000200007c4        0x4 zephyr/libzephyr.a(nrf_rtc_timer.c.obj)
 .bss._SEGGER_RTT
                0x00000000200007c8       0xa8 zephyr/libzephyr.a(SEGGER_RTT.c.obj)
                0x00000000200007c8                _SEGGER_RTT
 .bss.dynamic_regions.9066
                0x0000000020000870        0xc zephyr/arch/arch/arm/core/aarch32/cortex_m/mpu/libarch__arm__core__aarch32__cortex_m__mpu.a(arm_core_mpu.c.obj)
 .bss.gpio_nrfx_p0_data
                0x000000002000087c       0x1c zephyr/drivers/gpio/libdrivers__gpio.a(gpio_nrfx.c.obj)
 .bss.gpiote_alloc_mask
                0x0000000020000898        0x4 zephyr/drivers/gpio/libdrivers__gpio.a(gpio_nrfx.c.obj)
 .bss.hts221_driver
                0x000000002000089c       0x18 zephyr/drivers/sensor/hts221/libdrivers__sensor__hts221.a(hts221.c.obj)
 .bss.lis2dh_data_0
                0x00000000200008b4       0x14 zephyr/drivers/sensor/lis2dh/libdrivers__sensor__lis2dh.a(lis2dh.c.obj)
 .bss.lis2mdl_data
                0x00000000200008c8       0x24 zephyr/drivers/sensor/lis2mdl/libdrivers__sensor__lis2mdl.a(lis2mdl.c.obj)
                0x00000000200008c8                lis2mdl_data
 .bss.lps22hb_data
                0x00000000200008ec        0xc zephyr/drivers/sensor/lps22hb/libdrivers__sensor__lps22hb.a(lps22hb.c.obj)
 .bss.m_clock_cb
                0x00000000200008f8        0x8 modules/hal_nordic/libmodules__hal_nordic.a(nrfx_clock.c.obj)
 .bss.m_channels_allocated
                0x0000000020000900        0x4 modules/hal_nordic/libmodules__hal_nordic.a(nrfx_ppi.c.obj)
 .bss.m_cb      0x0000000020000904       0x3c modules/hal_nordic/libmodules__hal_nordic.a(nrfx_twi.c.obj)
 .bss._kernel   0x0000000020000940       0x34 zephyr/kernel/libkernel.a(sched.c.obj)
                0x0000000020000940                _kernel
 .bss.pending_current
                0x0000000020000974        0x4 zephyr/kernel/libkernel.a(sched.c.obj)
 .bss.slice_max_prio
                0x0000000020000978        0x4 zephyr/kernel/libkernel.a(sched.c.obj)
 .bss.slice_time
                0x000000002000097c        0x4 zephyr/kernel/libkernel.a(sched.c.obj)
 .bss.announce_remaining
                0x0000000020000980        0x4 zephyr/kernel/libkernel.a(timeout.c.obj)
 .bss.once.9983
                0x0000000020000984        0x1 zephyr/libzephyr.a(clock_control_nrf.c.obj)
 .bss._acDownBuffer
                0x0000000020000985       0x10 zephyr/libzephyr.a(SEGGER_RTT.c.obj)
 .bss._acUpBuffer
                0x0000000020000995      0x400 zephyr/libzephyr.a(SEGGER_RTT.c.obj)
 .bss.static_regions_num
                0x0000000020000d95        0x1 zephyr/arch/arch/arm/core/aarch32/cortex_m/mpu/libarch__arm__core__aarch32__cortex_m__mpu.a(arm_mpu.c.obj)
 .bss.gpio_initialized.9632
                0x0000000020000d96        0x1 zephyr/drivers/gpio/libdrivers__gpio.a(gpio_nrfx.c.obj)
 .bss.z_sys_post_kernel
                0x0000000020000d97        0x1 zephyr/kernel/libkernel.a(init.c.obj)
                0x0000000020000d97                z_sys_post_kernel
 .bss.sched_spinlock
                0x0000000020000d98        0x0 zephyr/kernel/libkernel.a(sched.c.obj)
 .bss.lock      0x0000000020000d98        0x0 zephyr/kernel/libkernel.a(sem.c.obj)
 *(SORT_BY_ALIGNMENT(COMMON))
 *(SORT_BY_ALIGNMENT(.kernel_bss.*))
                0x0000000020000d98                __bss_end = ALIGN (0x4)

noinit          0x0000000020000da0      0xda0
 *(SORT_BY_ALIGNMENT(.noinit))
 *(SORT_BY_ALIGNMENT(.noinit.*))
 .noinit."WEST_TOPDIR/zephyr/kernel/init.c".2
                0x0000000020000da0      0x420 zephyr/kernel/libkernel.a(init.c.obj)
                0x0000000020000da0                z_main_stack
 .noinit."WEST_TOPDIR/zephyr/kernel/init.c".3
                0x00000000200011c0      0x160 zephyr/kernel/libkernel.a(init.c.obj)
 .noinit."WEST_TOPDIR/zephyr/kernel/init.c".4
                0x0000000020001320      0x820 zephyr/kernel/libkernel.a(init.c.obj)
                0x0000000020001320                z_interrupt_stacks
 *(SORT_BY_ALIGNMENT(.kernel_noinit.*))
                0x0000000020001b40                _image_ram_end = .
                0x0000000020001b40                _end = .
                0x0000000020010000                __kernel_ram_end = 0x20010000
                0x000000000000fee0                __kernel_ram_size = (__kernel_ram_end - __kernel_ram_start)

.intList        0x0000000020010000       0x58
 *(SORT_BY_ALIGNMENT(.irq_info*))
 .irq_info      0x0000000020010000        0x8 zephyr/arch/common/libisr_tables.a(isr_tables.c.obj)
                0x0000000020010000                _iheader
 *(SORT_BY_ALIGNMENT(.intList*))
 .intList       0x0000000020010008       0x10 zephyr/libzephyr.a(clock_control_nrf.c.obj)
 .intList       0x0000000020010018       0x10 zephyr/libzephyr.a(nrf_rtc_timer.c.obj)
 .intList       0x0000000020010028       0x10 zephyr/drivers/gpio/libdrivers__gpio.a(gpio_nrfx.c.obj)
 .intList       0x0000000020010038       0x10 zephyr/drivers/i2c/libdrivers__i2c.a(i2c_nrfx_twi.c.obj)
 .intList       0x0000000020010048       0x10 zephyr/drivers/serial/libdrivers__serial.a(uart_nrfx_uarte.c.obj)

.stab
 *(SORT_BY_ALIGNMENT(.stab))

.stabstr
 *(SORT_BY_ALIGNMENT(.stabstr))

.stab.excl
 *(SORT_BY_ALIGNMENT(.stab.excl))

.stab.exclstr
 *(SORT_BY_ALIGNMENT(.stab.exclstr))

.stab.index
 *(SORT_BY_ALIGNMENT(.stab.index))

.stab.indexstr
 *(SORT_BY_ALIGNMENT(.stab.indexstr))

.gnu.build.attributes
 *(SORT_BY_ALIGNMENT(.gnu.build.attributes) SORT_BY_ALIGNMENT(.gnu.build.attributes.*))

.comment        0x0000000000000000       0x32
 *(SORT_BY_ALIGNMENT(.comment))
 .comment       0x0000000000000000       0x32 app/libapp.a(main.c.obj)
                                         0x33 (size before relaxing)
 .comment       0x0000000000000032       0x33 zephyr/libzephyr.a(notify.c.obj)
 .comment       0x0000000000000032       0x33 zephyr/libzephyr.a(printk.c.obj)
 .comment       0x0000000000000032       0x33 zephyr/libzephyr.a(onoff.c.obj)
 .comment       0x0000000000000032       0x33 zephyr/libzephyr.a(thread_entry.c.obj)
 .comment       0x0000000000000032       0x33 zephyr/libzephyr.a(heap.c.obj)
 .comment       0x0000000000000032       0x33 zephyr/libzephyr.a(cbprintf_complete.c.obj)
 .comment       0x0000000000000032       0x33 zephyr/libzephyr.a(configs.c.obj)
 .comment       0x0000000000000032       0x33 zephyr/libzephyr.a(uart_console.c.obj)
 .comment       0x0000000000000032       0x33 zephyr/libzephyr.a(clock_control_nrf.c.obj)
 .comment       0x0000000000000032       0x33 zephyr/libzephyr.a(sys_clock_init.c.obj)
 .comment       0x0000000000000032       0x33 zephyr/libzephyr.a(nrf_rtc_timer.c.obj)
 .comment       0x0000000000000032       0x33 zephyr/libzephyr.a(lis2mdl_reg.c.obj)
 .comment       0x0000000000000032       0x33 zephyr/libzephyr.a(SEGGER_RTT.c.obj)
 .comment       0x0000000000000032       0x33 zephyr/libzephyr.a(SEGGER_RTT_zephyr.c.obj)
 .comment       0x0000000000000032       0x33 zephyr/arch/arch/arm/core/aarch32/libarch__arm__core__aarch32.a(swap.c.obj)
 .comment       0x0000000000000032       0x33 zephyr/arch/arch/arm/core/aarch32/libarch__arm__core__aarch32.a(irq_manage.c.obj)
 .comment       0x0000000000000032       0x33 zephyr/arch/arch/arm/core/aarch32/libarch__arm__core__aarch32.a(thread.c.obj)
 .comment       0x0000000000000032       0x33 zephyr/arch/arch/arm/core/aarch32/libarch__arm__core__aarch32.a(fatal.c.obj)
 .comment       0x0000000000000032       0x33 zephyr/arch/arch/arm/core/aarch32/libarch__arm__core__aarch32.a(nmi.c.obj)
 .comment       0x0000000000000032       0x33 zephyr/arch/arch/arm/core/aarch32/libarch__arm__core__aarch32.a(prep_c.c.obj)
 .comment       0x0000000000000032       0x33 zephyr/arch/arch/arm/core/aarch32/cortex_m/libarch__arm__core__aarch32__cortex_m.a(fault.c.obj)
 .comment       0x0000000000000032       0x33 zephyr/arch/arch/arm/core/aarch32/cortex_m/libarch__arm__core__aarch32__cortex_m.a(irq_init.c.obj)
 .comment       0x0000000000000032       0x33 zephyr/arch/arch/arm/core/aarch32/cortex_m/libarch__arm__core__aarch32__cortex_m.a(thread_abort.c.obj)
 .comment       0x0000000000000032       0x33 zephyr/arch/arch/arm/core/aarch32/cortex_m/mpu/libarch__arm__core__aarch32__cortex_m__mpu.a(arm_core_mpu.c.obj)
 .comment       0x0000000000000032       0x33 zephyr/arch/arch/arm/core/aarch32/cortex_m/mpu/libarch__arm__core__aarch32__cortex_m__mpu.a(arm_mpu.c.obj)
 .comment       0x0000000000000032       0x33 zephyr/lib/libc/minimal/liblib__libc__minimal.a(string.c.obj)
 .comment       0x0000000000000032       0x33 zephyr/lib/libc/minimal/liblib__libc__minimal.a(stdout_console.c.obj)
 .comment       0x0000000000000032       0x33 zephyr/lib/libc/minimal/liblib__libc__minimal.a(fprintf.c.obj)
 .comment       0x0000000000000032       0x33 zephyr/soc/arm/common/cortex_m/libsoc__arm__common__cortex_m.a(arm_mpu_regions.c.obj)
 .comment       0x0000000000000032       0x33 zephyr/soc/arm/nordic_nrf/nrf52/libsoc__arm__nordic_nrf__nrf52.a(soc.c.obj)
 .comment       0x0000000000000032       0x33 zephyr/drivers/gpio/libdrivers__gpio.a(gpio_nrfx.c.obj)
 .comment       0x0000000000000032       0x33 zephyr/drivers/i2c/libdrivers__i2c.a(i2c_nrfx_twi.c.obj)
 .comment       0x0000000000000032       0x33 zephyr/drivers/sensor/hts221/libdrivers__sensor__hts221.a(hts221.c.obj)
 .comment       0x0000000000000032       0x33 zephyr/drivers/sensor/lis2dh/libdrivers__sensor__lis2dh.a(lis2dh.c.obj)
 .comment       0x0000000000000032       0x33 zephyr/drivers/sensor/lis2dh/libdrivers__sensor__lis2dh.a(lis2dh_i2c.c.obj)
 .comment       0x0000000000000032       0x33 zephyr/drivers/sensor/lis2mdl/libdrivers__sensor__lis2mdl.a(lis2mdl.c.obj)
 .comment       0x0000000000000032       0x33 zephyr/drivers/sensor/lis2mdl/libdrivers__sensor__lis2mdl.a(lis2mdl_i2c.c.obj)
 .comment       0x0000000000000032       0x33 zephyr/drivers/sensor/lps22hb/libdrivers__sensor__lps22hb.a(lps22hb.c.obj)